Archive member included to satisfy reference by file (symbol)

app/libapp.a(main.c.obj)      (--whole-archive)
app/libapp.a(ad717x.c.obj)    (--whole-archive)
app/libapp.a(no_os_spi.c.obj)
                              (--whole-archive)
zephyr/libzephyr.a(cbprintf.c.obj)
                              (--whole-archive)
zephyr/libzephyr.a(cbprintf_packaged.c.obj)
                              (--whole-archive)
zephyr/libzephyr.a(crc32c_sw.c.obj)
                              (--whole-archive)
zephyr/libzephyr.a(crc32_sw.c.obj)
                              (--whole-archive)
zephyr/libzephyr.a(crc16_sw.c.obj)
                              (--whole-archive)
zephyr/libzephyr.a(crc8_sw.c.obj)
                              (--whole-archive)
zephyr/libzephyr.a(crc7_sw.c.obj)
                              (--whole-archive)
zephyr/libzephyr.a(dec.c.obj)
                              (--whole-archive)
zephyr/libzephyr.a(fdtable.c.obj)
                              (--whole-archive)
zephyr/libzephyr.a(hex.c.obj)
                              (--whole-archive)
zephyr/libzephyr.a(notify.c.obj)
                              (--whole-archive)
zephyr/libzephyr.a(printk.c.obj)
                              (--whole-archive)
zephyr/libzephyr.a(onoff.c.obj)
                              (--whole-archive)
zephyr/libzephyr.a(rb.c.obj)  (--whole-archive)
zephyr/libzephyr.a(sem.c.obj)
                              (--whole-archive)
zephyr/libzephyr.a(thread_entry.c.obj)
                              (--whole-archive)
zephyr/libzephyr.a(timeutil.c.obj)
                              (--whole-archive)
zephyr/libzephyr.a(heap.c.obj)
                              (--whole-archive)
zephyr/libzephyr.a(heap-validate.c.obj)
                              (--whole-archive)
zephyr/libzephyr.a(bitarray.c.obj)
                              (--whole-archive)
zephyr/libzephyr.a(multi_heap.c.obj)
                              (--whole-archive)
zephyr/libzephyr.a(cbprintf_complete.c.obj)
                              (--whole-archive)
zephyr/libzephyr.a(assert.c.obj)
                              (--whole-archive)
zephyr/libzephyr.a(reboot.c.obj)
                              (--whole-archive)
zephyr/libzephyr.a(configs.c.obj)
                              (--whole-archive)
zephyr/libzephyr.a(soc_nrf_common.S.obj)
                              (--whole-archive)
zephyr/libzephyr.a(validate_base_addresses.c.obj)
                              (--whole-archive)
zephyr/libzephyr.a(validate_enabled_instances.c.obj)
                              (--whole-archive)
zephyr/libzephyr.a(thread_info.c.obj)
                              (--whole-archive)
zephyr/libzephyr.a(pm.c.obj)  (--whole-archive)
zephyr/libzephyr.a(policy.c.obj)
                              (--whole-archive)
zephyr/libzephyr.a(state.c.obj)
                              (--whole-archive)
zephyr/libzephyr.a(tracing_none.c.obj)
                              (--whole-archive)
zephyr/libzephyr.a(nrf_cc3xx_platform_abort_zephyr.c.obj)
                              (--whole-archive)
zephyr/libzephyr.a(nrf_cc3xx_platform_mutex_zephyr.c.obj)
                              (--whole-archive)
zephyr/arch/common/libarch__common.a(sw_isr_common.c.obj)
                              (--whole-archive)
zephyr/arch/arch/arm/core/aarch32/libarch__arm__core__aarch32.a(cpu_idle.S.obj)
                              (--whole-archive)
zephyr/arch/arch/arm/core/aarch32/libarch__arm__core__aarch32.a(fatal.c.obj)
                              (--whole-archive)
zephyr/arch/arch/arm/core/aarch32/libarch__arm__core__aarch32.a(irq_manage.c.obj)
                              (--whole-archive)
zephyr/arch/arch/arm/core/aarch32/libarch__arm__core__aarch32.a(nmi.c.obj)
                              (--whole-archive)
zephyr/arch/arch/arm/core/aarch32/libarch__arm__core__aarch32.a(nmi_on_reset.S.obj)
                              (--whole-archive)
zephyr/arch/arch/arm/core/aarch32/libarch__arm__core__aarch32.a(prep_c.c.obj)
                              (--whole-archive)
zephyr/arch/arch/arm/core/aarch32/libarch__arm__core__aarch32.a(swap.c.obj)
                              (--whole-archive)
zephyr/arch/arch/arm/core/aarch32/libarch__arm__core__aarch32.a(swap_helper.S.obj)
                              (--whole-archive)
zephyr/arch/arch/arm/core/aarch32/libarch__arm__core__aarch32.a(thread.c.obj)
                              (--whole-archive)
zephyr/arch/arch/arm/core/aarch32/libarch__arm__core__aarch32.a(isr_wrapper.S.obj)
                              (--whole-archive)
zephyr/arch/arch/arm/core/aarch32/cortex_m/libarch__arm__core__aarch32__cortex_m.a(exc_exit.S.obj)
                              (--whole-archive)
zephyr/arch/arch/arm/core/aarch32/cortex_m/libarch__arm__core__aarch32__cortex_m.a(fault.c.obj)
                              (--whole-archive)
zephyr/arch/arch/arm/core/aarch32/cortex_m/libarch__arm__core__aarch32__cortex_m.a(fault_s.S.obj)
                              (--whole-archive)
[...]
Memory Configuration

Name             Origin             Length             Attributes
FLASH            0x0000000000000000 0x0000000000100000 xr
SRAM             0x0000000020000000 0x0000000000040000 xw
IDT_LIST         0x00000000fffff7ff 0x0000000000000800 xw
*default*        0x0000000000000000 0xffffffffffffffff

Linker script and memory map

LOAD zephyr/CMakeFiles/zephyr_pre1.dir/misc/empty_file.c.obj
LOAD zephyr/CMakeFiles/zephyr_pre1.dir/dev_handles.c.obj
                0x0000000000000020                _region_min_align = 0x20

.rel.plt        0x0000000000000000        0x0
 *(SORT_BY_ALIGNMENT(.rel.plt))
                [!provide]                        PROVIDE (__rel_iplt_start = .)
 *(SORT_BY_ALIGNMENT(.rel.iplt))
 .rel.iplt      0x0000000000000000        0x0 app/libapp.a(main.c.obj)
                [!provide]                        PROVIDE (__rel_iplt_end = .)

.rela.plt       0x0000000000000000        0x0
 *(SORT_BY_ALIGNMENT(.rela.plt))
                [!provide]                        PROVIDE (__rela_iplt_start = .)
 *(SORT_BY_ALIGNMENT(.rela.iplt))
                [!provide]                        PROVIDE (__rela_iplt_end = .)

.rel.dyn
 *(SORT_BY_ALIGNMENT(.rel.*))

.rela.dyn
 *(SORT_BY_ALIGNMENT(.rela.*))

/DISCARD/
 *(SORT_BY_ALIGNMENT(.plt))
 *(SORT_BY_ALIGNMENT(.iplt))
 *(SORT_BY_ALIGNMENT(.got.plt))
 *(SORT_BY_ALIGNMENT(.igot.plt))
 *(SORT_BY_ALIGNMENT(.got))
 *(SORT_BY_ALIGNMENT(.igot))
 *(SORT_BY_ALIGNMENT(.note.GNU-stack))
                0x0000000000000000                __rom_region_start = 0x0

rom_start       0x0000000000000000      0x100
                0x0000000000000000                . = 0x0
                0x0000000000000000                . = ALIGN (0x4)
                0x0000000000000000                . = ALIGN (0x80)
                0x0000000000000000                . = ALIGN (0x100)
                0x0000000000000000                _vector_start = .
 *(SORT_BY_ALIGNMENT(.exc_vector_table))
 *(SORT_BY_ALIGNMENT(.exc_vector_table.*))
 .exc_vector_table._vector_table_section
                0x0000000000000000       0x40 zephyr/arch/arch/arm/core/aarch32/cortex_m/libarch__arm__core__aarch32__cortex_m.a(vector_table.S.obj)
                0x0000000000000000                _vector_table
 *(SORT_BY_ALIGNMENT(.gnu.linkonce.irq_vector_table*))
 .gnu.linkonce.irq_vector_table
                0x0000000000000040       0xc0 zephyr/arch/common/libisr_tables.a(isr_tables.c.obj)
                0x0000000000000040                _irq_vector_table
 *(SORT_BY_ALIGNMENT(.vectors))
                0x0000000000000100                _vector_end = .

text            0x0000000000000100     0x7a90
                0x0000000000000100                __text_region_start = .
 *(SORT_BY_ALIGNMENT(.text))
 .text          0x0000000000000100       0x30 c:/nordic/toolchains/v2.0.0/opt/zephyr-sdk/arm-zephyr-eabi/bin/../lib/gcc/arm-zephyr-eabi/10.3.0/thumb/v7e-m/nofp\libgcc.a(_aeabi_uldivmod.o)
                0x0000000000000100                __aeabi_uldivmod
 .text          0x0000000000000130        0x4 c:/nordic/toolchains/v2.0.0/opt/zephyr-sdk/arm-zephyr-eabi/bin/../lib/gcc/arm-zephyr-eabi/10.3.0/thumb/v7e-m/nofp\libgcc.a(_dvmd_tls.o)
                0x0000000000000130                __aeabi_idiv0
                0x0000000000000130                __aeabi_ldiv0
 .text          0x0000000000000134      0x2a6 c:/nordic/toolchains/v2.0.0/opt/zephyr-sdk/arm-zephyr-eabi/bin/../lib/gcc/arm-zephyr-eabi/10.3.0/thumb/v7e-m/nofp\libgcc.a(_udivmoddi4.o)
                0x0000000000000134                __udivmoddi4
 *(SORT_BY_ALIGNMENT(.text.*))
 *fill*         0x00000000000003da        0x2 
 .text.main     0x00000000000003dc      0x108 app/libapp.a(main.c.obj)
                0x00000000000003dc                main
 .text.AD717X_Reset
                0x00000000000004e4       0x20 app/libapp.a(ad717x.c.obj)
                0x00000000000004e4                AD717X_Reset
 .text.AD717X_WriteRegister
                0x0000000000000504       0xb4 app/libapp.a(ad717x.c.obj)
                0x0000000000000504                AD717X_WriteRegister
 .text.AD717X_ReadRegister
                0x00000000000005b8      0x124 app/libapp.a(ad717x.c.obj)
                0x00000000000005b8                AD717X_ReadRegister
 .text.ad717x_configure_device_odr
                0x00000000000006dc       0x80 app/libapp.a(ad717x.c.obj)
                0x00000000000006dc                ad717x_configure_device_odr
 .text.AD717X_Init
                0x000000000000075c      0x1f8 app/libapp.a(ad717x.c.obj)
                0x000000000000075c                AD717X_Init
 .text.spi_send
                0x0000000000000954       0x6c app/libapp.a(no_os_spi.c.obj)
                0x0000000000000954                spi_send
 .text.spi_init
                0x00000000000009c0       0x4c app/libapp.a(no_os_spi.c.obj)
                0x00000000000009c0                spi_init
 .text.spi_write_and_read
                0x0000000000000a0c       0x84 app/libapp.a(no_os_spi.c.obj)
                0x0000000000000a0c                spi_write_and_read
 .text.char_out
                0x0000000000000a90       0x14 zephyr/libzephyr.a(printk.c.obj)
 .text.__printk_hook_install
                0x0000000000000aa4        0xc zephyr/libzephyr.a(printk.c.obj)
                0x0000000000000aa4                __printk_hook_install
 .text.vprintk  0x0000000000000ab0       0x20 zephyr/libzephyr.a(printk.c.obj)
                0x0000000000000ab0                vprintk
 .text.process_event
                0x0000000000000ad0      0x158 zephyr/libzephyr.a(onoff.c.obj)
 .text.extract_conversion
                0x0000000000000c28      0x314 zephyr/libzephyr.a(cbprintf_complete.c.obj)
 .text.cbvprintf
                0x0000000000000f3c      0x5d0 zephyr/libzephyr.a(cbprintf_complete.c.obj)
                0x0000000000000f3c                cbvprintf
 .text.sys_reboot
                0x000000000000150c       0x28 zephyr/libzephyr.a(reboot.c.obj)
                0x000000000000150c                sys_reboot
 .text.pm_system_resume
                0x0000000000001534       0xc0 zephyr/libzephyr.a(pm.c.obj)
                0x0000000000001534                pm_system_resume
 .text.pm_system_suspend
                0x00000000000015f4      0x184 zephyr/libzephyr.a(pm.c.obj)
                0x00000000000015f4                pm_system_suspend
 .text.pm_policy_state_lock_is_active
                0x0000000000001778       0x1c zephyr/libzephyr.a(policy.c.obj)
                0x0000000000001778                pm_policy_state_lock_is_active
 .text.pm_policy_next_state
                0x0000000000001794       0x94 zephyr/libzephyr.a(policy.c.obj)
                0x0000000000001794                pm_policy_next_state
 .text.pm_state_cpu_get_all
                0x0000000000001828       0x10 zephyr/libzephyr.a(state.c.obj)
                0x0000000000001828                pm_state_cpu_get_all
 .text.nrf_cc3xx_platform_abort_init
                0x0000000000001838       0x10 zephyr/libzephyr.a(nrf_cc3xx_platform_abort_zephyr.c.obj)
                0x0000000000001838                nrf_cc3xx_platform_abort_init
 .text.mutex_unlock_platform
                0x0000000000001848       0x50 zephyr/libzephyr.a(nrf_cc3xx_platform_mutex_zephyr.c.obj)
 .text.mutex_lock_platform
                0x0000000000001898       0x5c zephyr/libzephyr.a(nrf_cc3xx_platform_mutex_zephyr.c.obj)
 .text.mutex_free_platform
                0x00000000000018f4       0x4c zephyr/libzephyr.a(nrf_cc3xx_platform_mutex_zephyr.c.obj)
 .text.mutex_init_platform
                0x0000000000001940       0x74 zephyr/libzephyr.a(nrf_cc3xx_platform_mutex_zephyr.c.obj)
 .text.nrf_cc3xx_platform_mutex_init
                0x00000000000019b4       0x28 zephyr/libzephyr.a(nrf_cc3xx_platform_mutex_zephyr.c.obj)
                0x00000000000019b4                nrf_cc3xx_platform_mutex_init
 .text.z_arm_cpu_idle_init
                0x00000000000019dc        0xc zephyr/arch/arch/arm/core/aarch32/libarch__arm__core__aarch32.a(cpu_idle.S.obj)
                0x00000000000019dc                z_arm_cpu_idle_init
 .text.arch_cpu_idle
                0x00000000000019e8       0x1c zephyr/arch/arch/arm/core/aarch32/libarch__arm__core__aarch32.a(cpu_idle.S.obj)
                0x00000000000019e8                arch_cpu_idle
 .text.arch_cpu_atomic_idle
                0x0000000000001a04       0x14 zephyr/arch/arch/arm/core/aarch32/libarch__arm__core__aarch32.a(cpu_idle.S.obj)
                0x0000000000001a04                arch_cpu_atomic_idle
 .text.arch_irq_enable
                0x0000000000001a18       0x1c zephyr/arch/arch/arm/core/aarch32/libarch__arm__core__aarch32.a(irq_manage.c.obj)
                0x0000000000001a18                arch_irq_enable
 .text.arch_irq_disable
                0x0000000000001a34       0x28 zephyr/arch/arch/arm/core/aarch32/libarch__arm__core__aarch32.a(irq_manage.c.obj)
                0x0000000000001a34                arch_irq_disable
 .text.arch_irq_is_enabled
                0x0000000000001a5c       0x1c zephyr/arch/arch/arm/core/aarch32/libarch__arm__core__aarch32.a(irq_manage.c.obj)
                0x0000000000001a5c                arch_irq_is_enabled
 .text.z_arm_irq_priority_set
                0x0000000000001a78       0x2c zephyr/arch/arch/arm/core/aarch32/libarch__arm__core__aarch32.a(irq_manage.c.obj)
                0x0000000000001a78                z_arm_irq_priority_set
 .text.z_SysNmiOnReset
                0x0000000000001aa4        0x8 zephyr/arch/arch/arm/core/aarch32/libarch__arm__core__aarch32.a(nmi_on_reset.S.obj)
                0x0000000000001aa4                z_SysNmiOnReset
 .text.z_arm_prep_c
                0x0000000000001aac       0x38 zephyr/arch/arch/arm/core/aarch32/libarch__arm__core__aarch32.a(prep_c.c.obj)
                0x0000000000001aac                z_arm_prep_c
 .text.arch_swap
                0x0000000000001ae4       0x38 zephyr/arch/arch/arm/core/aarch32/libarch__arm__core__aarch32.a(swap.c.obj)
                0x0000000000001ae4                arch_swap
 .text.z_arm_pendsv
                0x0000000000001b1c       0x58 zephyr/arch/arch/arm/core/aarch32/libarch__arm__core__aarch32.a(swap_helper.S.obj)
                0x0000000000001b1c                z_arm_pendsv
 .text.z_arm_svc
                0x0000000000001b74       0x20 zephyr/arch/arch/arm/core/aarch32/libarch__arm__core__aarch32.a(swap_helper.S.obj)
                0x0000000000001b74                z_arm_svc
 .text.arch_new_thread
                0x0000000000001b94       0x44 zephyr/arch/arch/arm/core/aarch32/libarch__arm__core__aarch32.a(thread.c.obj)
                0x0000000000001b94                arch_new_thread
 .text.z_check_thread_stack_fail
                0x0000000000001bd8       0x50 zephyr/arch/arch/arm/core/aarch32/libarch__arm__core__aarch32.a(thread.c.obj)
                0x0000000000001bd8                z_check_thread_stack_fail
 .text.arch_switch_to_main_thread
                0x0000000000001c28       0x2c zephyr/arch/arch/arm/core/aarch32/libarch__arm__core__aarch32.a(thread.c.obj)
                0x0000000000001c28                arch_switch_to_main_thread
 .text._isr_wrapper
                0x0000000000001c54       0x40 zephyr/arch/arch/arm/core/aarch32/libarch__arm__core__aarch32.a(isr_wrapper.S.obj)
                0x0000000000001c54                _isr_wrapper
 .text._HandlerModeExit
                0x0000000000001c94       0x1c zephyr/arch/arch/arm/core/aarch32/cortex_m/libarch__arm__core__aarch32__cortex_m.a(exc_exit.S.obj)
                0x0000000000001c94                z_arm_int_exit
                0x0000000000001c94                z_arm_exc_exit
 .text.bus_fault
                0x0000000000001cb0       0x54 zephyr/arch/arch/arm/core/aarch32/cortex_m/libarch__arm__core__aarch32__cortex_m.a(fault.c.obj)
 .text.usage_fault
                0x0000000000001d04       0x24 zephyr/arch/arch/arm/core/aarch32/cortex_m/libarch__arm__core__aarch32__cortex_m.a(fault.c.obj)
 .text.mem_manage_fault
                0x0000000000001d28       0xa0 zephyr/arch/arch/arm/core/aarch32/cortex_m/libarch__arm__core__aarch32__cortex_m.a(fault.c.obj)
 .text.hard_fault
                0x0000000000001dc8       0x7c zephyr/arch/arch/arm/core/aarch32/cortex_m/libarch__arm__core__aarch32__cortex_m.a(fault.c.obj)
 .text.z_arm_fault
                0x0000000000001e44       0x94 zephyr/arch/arch/arm/core/aarch32/cortex_m/libarch__arm__core__aarch32__cortex_m.a(fault.c.obj)
                0x0000000000001e44                z_arm_fault
 .text.z_arm_fault_init
                0x0000000000001ed8       0x10 zephyr/arch/arch/arm/core/aarch32/cortex_m/libarch__arm__core__aarch32__cortex_m.a(fault.c.obj)
                0x0000000000001ed8                z_arm_fault_init
 .text.__fault  0x0000000000001ee8       0x14 zephyr/arch/arch/arm/core/aarch32/cortex_m/libarch__arm__core__aarch32__cortex_m.a(fault_s.S.obj)
                0x0000000000001ee8                z_arm_usage_fault
                0x0000000000001ee8                z_arm_mpu_fault
                0x0000000000001ee8                z_arm_exc_spurious
                0x0000000000001ee8                z_arm_debug_monitor
                0x0000000000001ee8                z_arm_hard_fault
                0x0000000000001ee8                z_arm_bus_fault
 .text.z_arm_interrupt_init
                0x0000000000001efc       0x34 zephyr/arch/arch/arm/core/aarch32/cortex_m/libarch__arm__core__aarch32__cortex_m.a(irq_init.c.obj)
                0x0000000000001efc                z_arm_interrupt_init
 .text._reset_section
                0x0000000000001f30       0x54 zephyr/arch/arch/arm/core/aarch32/cortex_m/libarch__arm__core__aarch32__cortex_m.a(reset.S.obj)
                0x0000000000001f30                __start
                0x0000000000001f30                z_arm_reset
 .text.z_arm_clear_arm_mpu_config
                0x0000000000001f84       0x28 zephyr/arch/arch/arm/core/aarch32/cortex_m/libarch__arm__core__aarch32__cortex_m.a(scb.c.obj)
                0x0000000000001f84                z_arm_clear_arm_mpu_config
 .text.z_arm_init_arch_hw_at_boot
                0x0000000000001fac       0x54 zephyr/arch/arch/arm/core/aarch32/cortex_m/libarch__arm__core__aarch32__cortex_m.a(scb.c.obj)
                0x0000000000001fac                z_arm_init_arch_hw_at_boot
 .text.z_impl_k_thread_abort
                0x0000000000002000       0x34 zephyr/arch/arch/arm/core/aarch32/cortex_m/libarch__arm__core__aarch32__cortex_m.a(thread_abort.c.obj)
                0x0000000000002000                z_impl_k_thread_abort
 .text.z_arm_configure_static_mpu_regions
                0x0000000000002034       0x1c zephyr/arch/arch/arm/core/aarch32/mpu/libarch__arm__core__aarch32__mpu.a(arm_core_mpu.c.obj)
                0x0000000000002034                z_arm_configure_static_mpu_regions
 .text.z_arm_configure_dynamic_mpu_regions
                0x0000000000002050       0x24 zephyr/arch/arch/arm/core/aarch32/mpu/libarch__arm__core__aarch32__mpu.a(arm_core_mpu.c.obj)
                0x0000000000002050                z_arm_configure_dynamic_mpu_regions
 .text.region_init
                0x0000000000002074       0x28 zephyr/arch/arch/arm/core/aarch32/mpu/libarch__arm__core__aarch32__mpu.a(arm_mpu.c.obj)
 .text.mpu_configure_static_mpu_regions
                0x000000000000209c       0x14 zephyr/arch/arch/arm/core/aarch32/mpu/libarch__arm__core__aarch32__mpu.a(arm_mpu.c.obj)
 .text.mpu_configure_dynamic_mpu_regions
                0x00000000000020b0       0x34 zephyr/arch/arch/arm/core/aarch32/mpu/libarch__arm__core__aarch32__mpu.a(arm_mpu.c.obj)
 .text.arm_core_mpu_enable
                0x00000000000020e4       0x18 zephyr/arch/arch/arm/core/aarch32/mpu/libarch__arm__core__aarch32__mpu.a(arm_mpu.c.obj)
                0x00000000000020e4                arm_core_mpu_enable
 .text.arm_core_mpu_disable
                0x00000000000020fc       0x14 zephyr/arch/arch/arm/core/aarch32/mpu/libarch__arm__core__aarch32__mpu.a(arm_mpu.c.obj)
                0x00000000000020fc                arm_core_mpu_disable
 .text.z_arm_mpu_init
                0x0000000000002110       0x44 zephyr/arch/arch/arm/core/aarch32/mpu/libarch__arm__core__aarch32__mpu.a(arm_mpu.c.obj)
                0x0000000000002110                z_arm_mpu_init
 .text.__stdout_hook_install
                0x0000000000002154        0xc zephyr/lib/libc/minimal/liblib__libc__minimal.a(stdout_console.c.obj)
                0x0000000000002154                __stdout_hook_install
 .text.nordicsemi_nrf52_init
                0x0000000000002160       0x4c zephyr/soc/arm/nordic_nrf/nrf52/libsoc__arm__nordic_nrf__nrf52.a(soc.c.obj)
 .text.sys_arch_reboot
                0x00000000000021ac       0x2c zephyr/soc/arm/nordic_nrf/nrf52/libsoc__arm__nordic_nrf__nrf52.a(soc.c.obj)
                0x00000000000021ac                sys_arch_reboot
 .text.arch_busy_wait
                0x00000000000021d8       0x18 zephyr/soc/arm/nordic_nrf/nrf52/libsoc__arm__nordic_nrf__nrf52.a(soc.c.obj)
                0x00000000000021d8                arch_busy_wait
 .text.get_hf_flags
                0x00000000000021f0        0x8 zephyr/drivers/clock_control/libdrivers__clock_control.a(clock_control_nrf.c.obj)
 .text.get_subsys
                0x00000000000021f8       0x18 zephyr/drivers/clock_control/libdrivers__clock_control.a(clock_control_nrf.c.obj)
 .text.onoff_stop
                0x0000000000002210       0x20 zephyr/drivers/clock_control/libdrivers__clock_control.a(clock_control_nrf.c.obj)
 .text.onoff_start
                0x0000000000002230       0x34 zephyr/drivers/clock_control/libdrivers__clock_control.a(clock_control_nrf.c.obj)
 .text.clock_event_handler
                0x0000000000002264       0x34 zephyr/drivers/clock_control/libdrivers__clock_control.a(clock_control_nrf.c.obj)
 .text.generic_hfclk_start
                0x0000000000002298       0x68 zephyr/drivers/clock_control/libdrivers__clock_control.a(clock_control_nrf.c.obj)
 .text.generic_hfclk_stop
                0x0000000000002300       0x30 zephyr/drivers/clock_control/libdrivers__clock_control.a(clock_control_nrf.c.obj)
 .text.api_blocking_start
                0x0000000000002330       0x38 zephyr/drivers/clock_control/libdrivers__clock_control.a(clock_control_nrf.c.obj)
 .text.clk_init
                0x0000000000002368       0x60 zephyr/drivers/clock_control/libdrivers__clock_control.a(clock_control_nrf.c.obj)
 .text.lfclk_spinwait
                0x00000000000023c8       0xe4 zephyr/drivers/clock_control/libdrivers__clock_control.a(clock_control_nrf.c.obj)
 .text.z_nrf_clock_control_lf_on
                0x00000000000024ac       0x54 zephyr/drivers/clock_control/libdrivers__clock_control.a(clock_control_nrf.c.obj)
                0x00000000000024ac                z_nrf_clock_control_lf_on
 .text.rtt_console_init
                0x0000000000002500       0x18 zephyr/drivers/console/libdrivers__console.a(rtt_console.c.obj)
 .text.rtt_console_out
                0x0000000000002518       0x54 zephyr/drivers/console/libdrivers__console.a(rtt_console.c.obj)
 .text.get_dev  0x000000000000256c       0x1c zephyr/drivers/gpio/libdrivers__gpio.a(gpio_nrfx.c.obj)
 .text.gpio_nrfx_pin_interrupt_configure
                0x0000000000002588       0xc8 zephyr/drivers/gpio/libdrivers__gpio.a(gpio_nrfx.c.obj)
 .text.pin_uninit
                0x0000000000002650       0x48 zephyr/drivers/gpio/libdrivers__gpio.a(gpio_nrfx.c.obj)
 .text.gpio_nrfx_pin_configure
                0x0000000000002698      0x104 zephyr/drivers/gpio/libdrivers__gpio.a(gpio_nrfx.c.obj)
 .text.gpio_nrfx_init
                0x000000000000279c       0x3c zephyr/drivers/gpio/libdrivers__gpio.a(gpio_nrfx.c.obj)
 .text.configure
                0x00000000000027d8      0x158 zephyr/drivers/spi/libdrivers__spi.a(spi_nrfx_spi.c.obj)
 .text.transfer_next_chunk
                0x0000000000002930       0xe4 zephyr/drivers/spi/libdrivers__spi.a(spi_nrfx_spi.c.obj)
 .text.baudrate_set
                0x0000000000002a14      0x150 zephyr/drivers/serial/libdrivers__serial.a(uart_nrfx_uarte.c.obj)
 .text.uarte_nrfx_poll_out
                0x0000000000002b64       0x70 zephyr/drivers/serial/libdrivers__serial.a(uart_nrfx_uarte.c.obj)
 .text.endtx_stoptx_ppi_init
                0x0000000000002bd4       0x48 zephyr/drivers/serial/libdrivers__serial.a(uart_nrfx_uarte.c.obj)
 .text.set_comparator
                0x0000000000002c1c       0x14 zephyr/drivers/timer/libdrivers__timer.a(nrf_rtc_timer.c.obj)
 .text.get_comparator
                0x0000000000002c30       0x10 zephyr/drivers/timer/libdrivers__timer.a(nrf_rtc_timer.c.obj)
 .text.event_enable
                0x0000000000002c40       0x14 zephyr/drivers/timer/libdrivers__timer.a(nrf_rtc_timer.c.obj)
 .text.event_disable
                0x0000000000002c54       0x14 zephyr/drivers/timer/libdrivers__timer.a(nrf_rtc_timer.c.obj)
 .text.counter  0x0000000000002c68        0xc zephyr/drivers/timer/libdrivers__timer.a(nrf_rtc_timer.c.obj)
 .text.compare_int_lock
                0x0000000000002c74       0x50 zephyr/drivers/timer/libdrivers__timer.a(nrf_rtc_timer.c.obj)
 .text.channel_processing_check_and_clear
                0x0000000000002cc4       0x78 zephyr/drivers/timer/libdrivers__timer.a(nrf_rtc_timer.c.obj)
 .text.compare_int_unlock
                0x0000000000002d3c       0x60 zephyr/drivers/timer/libdrivers__timer.a(nrf_rtc_timer.c.obj)
 .text.sys_clock_timeout_handler
                0x0000000000002d9c       0x78 zephyr/drivers/timer/libdrivers__timer.a(nrf_rtc_timer.c.obj)
 .text.z_nrf_rtc_timer_read
                0x0000000000002e14       0x40 zephyr/drivers/timer/libdrivers__timer.a(nrf_rtc_timer.c.obj)
                0x0000000000002e14                z_nrf_rtc_timer_read
 .text.compare_set_nolocks
                0x0000000000002e54       0xa0 zephyr/drivers/timer/libdrivers__timer.a(nrf_rtc_timer.c.obj)
 .text.sys_clock_driver_init
                0x0000000000002ef4       0x94 zephyr/drivers/timer/libdrivers__timer.a(nrf_rtc_timer.c.obj)
 .text.process_channel
                0x0000000000002f88       0x74 zephyr/drivers/timer/libdrivers__timer.a(nrf_rtc_timer.c.obj)
 .text.rtc_nrf_isr
                0x0000000000002ffc       0x44 zephyr/drivers/timer/libdrivers__timer.a(nrf_rtc_timer.c.obj)
                0x0000000000002ffc                rtc_nrf_isr
 .text.sys_clock_set_timeout
                0x0000000000003040       0x64 zephyr/drivers/timer/libdrivers__timer.a(nrf_rtc_timer.c.obj)
                0x0000000000003040                sys_clock_set_timeout
 .text.sys_clock_elapsed
                0x00000000000030a4       0x14 zephyr/drivers/timer/libdrivers__timer.a(nrf_rtc_timer.c.obj)
                0x00000000000030a4                sys_clock_elapsed
 .text.nrf_pin_configure
                0x00000000000030b8       0x44 zephyr/drivers/pinctrl/libdrivers__pinctrl.a(pinctrl_nrf.c.obj)
 .text.pinctrl_configure_pins
                0x00000000000030fc      0x160 zephyr/drivers/pinctrl/libdrivers__pinctrl.a(pinctrl_nrf.c.obj)
                0x00000000000030fc                pinctrl_configure_pins
 .text.__NVIC_SystemReset
                0x000000000000325c       0x24 modules/hal_nordic/nrfx/libmodules__hal_nordic__nrfx.a(system_nrf52840.c.obj)
 .text.nvmc_wait
                0x0000000000003280       0x10 modules/hal_nordic/nrfx/libmodules__hal_nordic__nrfx.a(system_nrf52840.c.obj)
                0x0000000000003280                nvmc_wait
 .text.nvmc_config
                0x0000000000003290       0x14 modules/hal_nordic/nrfx/libmodules__hal_nordic__nrfx.a(system_nrf52840.c.obj)
                0x0000000000003290                nvmc_config
 .text.SystemCoreClockUpdate
                0x00000000000032a4       0x10 modules/hal_nordic/nrfx/libmodules__hal_nordic__nrfx.a(system_nrf52840.c.obj)
                0x00000000000032a4                SystemCoreClockUpdate
 .text.SystemInit
                0x00000000000032b4      0x1c0 modules/hal_nordic/nrfx/libmodules__hal_nordic__nrfx.a(system_nrf52840.c.obj)
                0x00000000000032b4                SystemInit
 .text.nrfx_flag32_alloc
                0x0000000000003474       0x50 modules/hal_nordic/nrfx/libmodules__hal_nordic__nrfx.a(nrfx_flag32_allocator.c.obj)
                0x0000000000003474                nrfx_flag32_alloc
 .text.nrfx_flag32_free
                0x00000000000034c4       0x44 modules/hal_nordic/nrfx/libmodules__hal_nordic__nrfx.a(nrfx_flag32_allocator.c.obj)
                0x00000000000034c4                nrfx_flag32_free
 .text.clock_stop
                0x0000000000003508       0xd4 modules/hal_nordic/nrfx/libmodules__hal_nordic__nrfx.a(nrfx_clock.c.obj)
 .text.nrfx_clock_init
                0x00000000000035dc       0x28 modules/hal_nordic/nrfx/libmodules__hal_nordic__nrfx.a(nrfx_clock.c.obj)
                0x00000000000035dc                nrfx_clock_init
 .text.nrfx_power_clock_irq_handler
                0x0000000000003604       0x7c modules/hal_nordic/nrfx/libmodules__hal_nordic__nrfx.a(nrfx_clock.c.obj)
                0x0000000000003604                nrfx_power_clock_irq_handler
 .text.pin_in_use
                0x0000000000003680       0x14 modules/hal_nordic/nrfx/libmodules__hal_nordic__nrfx.a(nrfx_gpiote.c.obj)
 .text.pin_in_use_by_te
                0x0000000000003694       0x14 modules/hal_nordic/nrfx/libmodules__hal_nordic__nrfx.a(nrfx_gpiote.c.obj)
 .text.pin_has_trigger
                0x00000000000036a8       0x18 modules/hal_nordic/nrfx/libmodules__hal_nordic__nrfx.a(nrfx_gpiote.c.obj)
 .text.pin_is_output
                0x00000000000036c0       0x14 modules/hal_nordic/nrfx/libmodules__hal_nordic__nrfx.a(nrfx_gpiote.c.obj)
 .text.pin_te_get
                0x00000000000036d4       0x10 modules/hal_nordic/nrfx/libmodules__hal_nordic__nrfx.a(nrfx_gpiote.c.obj)
 .text.handler_in_use
                0x00000000000036e4       0x34 modules/hal_nordic/nrfx/libmodules__hal_nordic__nrfx.a(nrfx_gpiote.c.obj)
 .text.find_handler
                0x0000000000003718       0x2c modules/hal_nordic/nrfx/libmodules__hal_nordic__nrfx.a(nrfx_gpiote.c.obj)
 .text.channel_handler_get
                0x0000000000003744       0x20 modules/hal_nordic/nrfx/libmodules__hal_nordic__nrfx.a(nrfx_gpiote.c.obj)
 .text.call_handler
                0x0000000000003764       0x2c modules/hal_nordic/nrfx/libmodules__hal_nordic__nrfx.a(nrfx_gpiote.c.obj)
 .text.release_handler
                0x0000000000003790       0x44 modules/hal_nordic/nrfx/libmodules__hal_nordic__nrfx.a(nrfx_gpiote.c.obj)
 .text.pin_handler_trigger_uninit
                0x00000000000037d4       0x38 modules/hal_nordic/nrfx/libmodules__hal_nordic__nrfx.a(nrfx_gpiote.c.obj)
 .text.pin_handler_set
                0x000000000000380c       0x6c modules/hal_nordic/nrfx/libmodules__hal_nordic__nrfx.a(nrfx_gpiote.c.obj)
 .text.gpiote_evt_handle
                0x0000000000003878       0x44 modules/hal_nordic/nrfx/libmodules__hal_nordic__nrfx.a(nrfx_gpiote.c.obj)
 .text.latch_pending_read_and_check
                0x00000000000038bc       0x50 modules/hal_nordic/nrfx/libmodules__hal_nordic__nrfx.a(nrfx_gpiote.c.obj)
 .text.next_sense_cond_call_handler
                0x000000000000390c       0xdc modules/hal_nordic/nrfx/libmodules__hal_nordic__nrfx.a(nrfx_gpiote.c.obj)
 .text.port_event_handle
                0x00000000000039e8       0xd4 modules/hal_nordic/nrfx/libmodules__hal_nordic__nrfx.a(nrfx_gpiote.c.obj)
 .text.nrfx_gpiote_input_configure
                0x0000000000003abc      0x170 modules/hal_nordic/nrfx/libmodules__hal_nordic__nrfx.a(nrfx_gpiote.c.obj)
                0x0000000000003abc                nrfx_gpiote_input_configure
 .text.nrfx_gpiote_output_configure
                0x0000000000003c2c      0x188 modules/hal_nordic/nrfx/libmodules__hal_nordic__nrfx.a(nrfx_gpiote.c.obj)
                0x0000000000003c2c                nrfx_gpiote_output_configure
 .text.nrfx_gpiote_global_callback_set
                0x0000000000003db4        0xc modules/hal_nordic/nrfx/libmodules__hal_nordic__nrfx.a(nrfx_gpiote.c.obj)
                0x0000000000003db4                nrfx_gpiote_global_callback_set
 .text.nrfx_gpiote_channel_get
                0x0000000000003dc0       0x30 modules/hal_nordic/nrfx/libmodules__hal_nordic__nrfx.a(nrfx_gpiote.c.obj)
                0x0000000000003dc0                nrfx_gpiote_channel_get
 .text.nrfx_gpiote_init
                0x0000000000003df0       0x54 modules/hal_nordic/nrfx/libmodules__hal_nordic__nrfx.a(nrfx_gpiote.c.obj)
                0x0000000000003df0                nrfx_gpiote_init
 .text.nrfx_gpiote_is_init
                0x0000000000003e44       0x14 modules/hal_nordic/nrfx/libmodules__hal_nordic__nrfx.a(nrfx_gpiote.c.obj)
                0x0000000000003e44                nrfx_gpiote_is_init
 .text.nrfx_gpiote_channel_free
                0x0000000000003e58       0x10 modules/hal_nordic/nrfx/libmodules__hal_nordic__nrfx.a(nrfx_gpiote.c.obj)
                0x0000000000003e58                nrfx_gpiote_channel_free
 .text.nrfx_gpiote_channel_alloc
                0x0000000000003e68       0x10 modules/hal_nordic/nrfx/libmodules__hal_nordic__nrfx.a(nrfx_gpiote.c.obj)
                0x0000000000003e68                nrfx_gpiote_channel_alloc
 .text.nrfx_gpiote_trigger_enable
                0x0000000000003e78       0xc8 modules/hal_nordic/nrfx/libmodules__hal_nordic__nrfx.a(nrfx_gpiote.c.obj)
                0x0000000000003e78                nrfx_gpiote_trigger_enable
 .text.nrfx_gpiote_trigger_disable
                0x0000000000003f40       0x60 modules/hal_nordic/nrfx/libmodules__hal_nordic__nrfx.a(nrfx_gpiote.c.obj)
                0x0000000000003f40                nrfx_gpiote_trigger_disable
 .text.nrfx_gpiote_pin_uninit
                0x0000000000003fa0       0x48 modules/hal_nordic/nrfx/libmodules__hal_nordic__nrfx.a(nrfx_gpiote.c.obj)
                0x0000000000003fa0                nrfx_gpiote_pin_uninit
 .text.nrfx_gpiote_irq_handler
                0x0000000000003fe8       0x60 modules/hal_nordic/nrfx/libmodules__hal_nordic__nrfx.a(nrfx_gpiote.c.obj)
                0x0000000000003fe8                nrfx_gpiote_irq_handler
 .text.nrfx_ppi_channel_alloc
                0x0000000000004048       0x10 modules/hal_nordic/nrfx/libmodules__hal_nordic__nrfx.a(nrfx_ppi.c.obj)
                0x0000000000004048                nrfx_ppi_channel_alloc
 .text.configure_pins
                0x0000000000004058      0x170 modules/hal_nordic/nrfx/libmodules__hal_nordic__nrfx.a(nrfx_spi.c.obj)
 .text.finish_transfer
                0x00000000000041c8       0x3c modules/hal_nordic/nrfx/libmodules__hal_nordic__nrfx.a(nrfx_spi.c.obj)
 .text.spi_xfer
                0x0000000000004204       0x94 modules/hal_nordic/nrfx/libmodules__hal_nordic__nrfx.a(nrfx_spi.c.obj)
 .text.nrfx_spi_init
                0x0000000000004298       0xb4 modules/hal_nordic/nrfx/libmodules__hal_nordic__nrfx.a(nrfx_spi.c.obj)
                0x0000000000004298                nrfx_spi_init
 .text.nrfx_spi_uninit
                0x000000000000434c       0xe8 modules/hal_nordic/nrfx/libmodules__hal_nordic__nrfx.a(nrfx_spi.c.obj)
                0x000000000000434c                nrfx_spi_uninit
 .text.nrfx_spi_xfer
                0x0000000000004434       0xa8 modules/hal_nordic/nrfx/libmodules__hal_nordic__nrfx.a(nrfx_spi.c.obj)
                0x0000000000004434                nrfx_spi_xfer
 .text.nrfx_spi_1_irq_handler
                0x00000000000044dc       0x14 modules/hal_nordic/nrfx/libmodules__hal_nordic__nrfx.a(nrfx_spi.c.obj)
                0x00000000000044dc                nrfx_spi_1_irq_handler
 .text._DoInit  0x00000000000044f0       0x6c modules/segger/libmodules__segger.a(SEGGER_RTT.c.obj)
 .text.SEGGER_RTT_WriteNoLock
                0x000000000000455c       0x6c modules/segger/libmodules__segger.a(SEGGER_RTT.c.obj)
                0x000000000000455c                SEGGER_RTT_WriteNoLock
 .text.z_device_state_init
                0x00000000000045c8       0x18 zephyr/kernel/libkernel.a(device.c.obj)
                0x00000000000045c8                z_device_state_init
 .text.z_sys_init_run_level
                0x00000000000045e0       0x50 zephyr/kernel/libkernel.a(device.c.obj)
                0x00000000000045e0                z_sys_init_run_level
 .text.z_impl_device_get_binding
                0x0000000000004630       0x64 zephyr/kernel/libkernel.a(device.c.obj)
                0x0000000000004630                z_impl_device_get_binding
 .text.init_idle_thread
                0x0000000000004694       0x60 zephyr/kernel/libkernel.a(init.c.obj)
 .text.bg_thread_main
                0x00000000000046f4       0x34 zephyr/kernel/libkernel.a(init.c.obj)
 .text.switch_to_main_thread
                0x0000000000004728       0x14 zephyr/kernel/libkernel.a(init.c.obj)
 .text.z_bss_zero
                0x000000000000473c       0x18 zephyr/kernel/libkernel.a(init.c.obj)
                0x000000000000473c                z_bss_zero
 .text.z_init_cpu
                0x0000000000004754       0x44 zephyr/kernel/libkernel.a(init.c.obj)
                0x0000000000004754                z_init_cpu
 .text.prepare_multithreading
                0x0000000000004798       0x60 zephyr/kernel/libkernel.a(init.c.obj)
 .text.z_cstart
                0x00000000000047f8       0x88 zephyr/kernel/libkernel.a(init.c.obj)
                0x00000000000047f8                z_cstart
 .text.init_mem_slab_module
                0x0000000000004880       0x24 zephyr/kernel/libkernel.a(mem_slab.c.obj)
 .text.k_mem_slab_alloc
                0x00000000000048a4       0x68 zephyr/kernel/libkernel.a(mem_slab.c.obj)
                0x00000000000048a4                k_mem_slab_alloc
 .text.z_thread_monitor_exit
                0x000000000000490c       0x40 zephyr/kernel/libkernel.a(thread.c.obj)
                0x000000000000490c                z_thread_monitor_exit
 .text.schedule_new_thread
                0x000000000000494c       0x1c zephyr/kernel/libkernel.a(thread.c.obj)
 .text.z_setup_new_thread
                0x0000000000004968       0xc8 zephyr/kernel/libkernel.a(thread.c.obj)
                0x0000000000004968                z_setup_new_thread
 .text.z_init_static_threads
                0x0000000000004a30       0x94 zephyr/kernel/libkernel.a(thread.c.obj)
                0x0000000000004a30                z_init_static_threads
 .text.idle     0x0000000000004ac4       0x3c zephyr/kernel/libkernel.a(idle.c.obj)
                0x0000000000004ac4                idle
 .text.z_impl_k_mutex_lock
                0x0000000000004b00      0x114 zephyr/kernel/libkernel.a(mutex.c.obj)
                0x0000000000004b00                z_impl_k_mutex_lock
 .text.z_impl_k_mutex_unlock
                0x0000000000004c14       0x88 zephyr/kernel/libkernel.a(mutex.c.obj)
                0x0000000000004c14                z_impl_k_mutex_unlock
 .text.z_impl_k_sem_give
                0x0000000000004c9c       0x48 zephyr/kernel/libkernel.a(sem.c.obj)
                0x0000000000004c9c                z_impl_k_sem_give
 .text.z_impl_k_sem_take
                0x0000000000004ce4       0x50 zephyr/kernel/libkernel.a(sem.c.obj)
                0x0000000000004ce4                z_impl_k_sem_take
 .text.add_thread_timeout
                0x0000000000004d34       0x20 zephyr/kernel/libkernel.a(sched.c.obj)
 .text.z_reset_time_slice
                0x0000000000004d54       0x28 zephyr/kernel/libkernel.a(sched.c.obj)
                0x0000000000004d54                z_reset_time_slice
 .text.k_sched_time_slice_set
                0x0000000000004d7c       0x74 zephyr/kernel/libkernel.a(sched.c.obj)
                0x0000000000004d7c                k_sched_time_slice_set
 .text.z_reschedule
                0x0000000000004df0       0x38 zephyr/kernel/libkernel.a(sched.c.obj)
                0x0000000000004df0                z_reschedule
 .text.k_sched_lock
                0x0000000000004e28       0x34 zephyr/kernel/libkernel.a(sched.c.obj)
                0x0000000000004e28                k_sched_lock
 .text.update_cache
                0x0000000000004e5c       0x50 zephyr/kernel/libkernel.a(sched.c.obj)
 .text.move_thread_to_end_of_prio_q
                0x0000000000004eac       0x88 zephyr/kernel/libkernel.a(sched.c.obj)
 .text.slice_expired_locked
                0x0000000000004f34       0x28 zephyr/kernel/libkernel.a(sched.c.obj)
 .text.z_time_slice
                0x0000000000004f5c       0xb0 zephyr/kernel/libkernel.a(sched.c.obj)
                0x0000000000004f5c                z_time_slice
 .text.ready_thread
                0x000000000000500c       0x80 zephyr/kernel/libkernel.a(sched.c.obj)
 .text.z_sched_start
                0x000000000000508c       0x3c zephyr/kernel/libkernel.a(sched.c.obj)
                0x000000000000508c                z_sched_start
 .text.unready_thread
                0x00000000000050c8       0x38 zephyr/kernel/libkernel.a(sched.c.obj)
 .text.z_pend_curr
                0x0000000000005100       0x28 zephyr/kernel/libkernel.a(sched.c.obj)
                0x0000000000005100                z_pend_curr
 .text.z_set_prio
                0x0000000000005128       0xc0 zephyr/kernel/libkernel.a(sched.c.obj)
                0x0000000000005128                z_set_prio
 .text.z_impl_k_thread_suspend
                0x00000000000051e8       0x84 zephyr/kernel/libkernel.a(sched.c.obj)
                0x00000000000051e8                z_impl_k_thread_suspend
 .text.k_sched_unlock
                0x000000000000526c       0x50 zephyr/kernel/libkernel.a(sched.c.obj)
                0x000000000000526c                k_sched_unlock
 .text.end_thread
                0x00000000000052bc       0x9c zephyr/kernel/libkernel.a(sched.c.obj)
 .text.z_sched_init
                0x0000000000005358       0x18 zephyr/kernel/libkernel.a(sched.c.obj)
                0x0000000000005358                z_sched_init
 .text.z_impl_k_yield
                0x0000000000005370       0x88 zephyr/kernel/libkernel.a(sched.c.obj)
                0x0000000000005370                z_impl_k_yield
 .text.z_tick_sleep
                0x00000000000053f8       0x98 zephyr/kernel/libkernel.a(sched.c.obj)
 .text.z_impl_k_sleep
                0x0000000000005490       0x58 zephyr/kernel/libkernel.a(sched.c.obj)
                0x0000000000005490                z_impl_k_sleep
 .text.z_impl_z_current_get
                0x00000000000054e8        0xc zephyr/kernel/libkernel.a(sched.c.obj)
                0x00000000000054e8                z_impl_z_current_get
 .text.z_thread_abort
                0x00000000000054f4       0x50 zephyr/kernel/libkernel.a(sched.c.obj)
                0x00000000000054f4                z_thread_abort
 .text.z_data_copy
                0x0000000000005544       0x34 zephyr/kernel/libkernel.a(xip.c.obj)
                0x0000000000005544                z_data_copy
 .text.first    0x0000000000005578       0x14 zephyr/kernel/libkernel.a(timeout.c.obj)
 .text.next     0x000000000000558c       0x18 zephyr/kernel/libkernel.a(timeout.c.obj)
 .text.elapsed  0x00000000000055a4       0x18 zephyr/kernel/libkernel.a(timeout.c.obj)
 .text.next_timeout
                0x00000000000055bc       0x4c zephyr/kernel/libkernel.a(timeout.c.obj)
 .text.z_add_timeout
                0x0000000000005608      0x118 zephyr/kernel/libkernel.a(timeout.c.obj)
                0x0000000000005608                z_add_timeout
 .text.sys_clock_announce
                0x0000000000005720       0xc4 zephyr/kernel/libkernel.a(timeout.c.obj)
                0x0000000000005720                sys_clock_announce
 .text.sys_clock_tick_get
                0x00000000000057e4       0x40 zephyr/kernel/libkernel.a(timeout.c.obj)
                0x00000000000057e4                sys_clock_tick_get
 .text.boot_banner
                0x0000000000005824       0x1c zephyr/kernel/libkernel.a(banner.c.obj)
                0x0000000000005824                boot_banner
 .text.nrf_cc3xx_platform_init_no_rng
                0x0000000000005840       0x38 C:/Nordic/v2.0.0/nrfxlib/crypto/nrf_cc310_platform/lib/cortex-m4/soft-float/no-interrupts/libnrf_cc310_platform_0.9.14.a(nrf_cc3xx_platform.c.obj)
                0x0000000000005840                nrf_cc3xx_platform_init_no_rng
 .text.nrf_cc3xx_platform_abort
                0x0000000000005878       0x24 C:/Nordic/v2.0.0/nrfxlib/crypto/nrf_cc310_platform/lib/cortex-m4/soft-float/no-interrupts/libnrf_cc310_platform_0.9.14.a(nrf_cc3xx_platform_abort.c.obj)
 .text.CC_PalAbort
                0x000000000000589c       0x34 C:/Nordic/v2.0.0/nrfxlib/crypto/nrf_cc310_platform/lib/cortex-m4/soft-float/no-interrupts/libnrf_cc310_platform_0.9.14.a(nrf_cc3xx_platform_abort.c.obj)
                0x000000000000589c                CC_PalAbort
 .text.nrf_cc3xx_platform_set_abort
                0x00000000000058d0       0x10 C:/Nordic/v2.0.0/nrfxlib/crypto/nrf_cc310_platform/lib/cortex-m4/soft-float/no-interrupts/libnrf_cc310_platform_0.9.14.a(nrf_cc3xx_platform_abort.c.obj)
                0x00000000000058d0                nrf_cc3xx_platform_set_abort
 .text.mutex_free
                0x00000000000058e0       0x28 C:/Nordic/v2.0.0/nrfxlib/crypto/nrf_cc310_platform/lib/cortex-m4/soft-float/no-interrupts/libnrf_cc310_platform_0.9.14.a(nrf_cc3xx_platform_mutex.c.obj)
 .text.mutex_lock
                0x0000000000005908       0x40 C:/Nordic/v2.0.0/nrfxlib/crypto/nrf_cc310_platform/lib/cortex-m4/soft-float/no-interrupts/libnrf_cc310_platform_0.9.14.a(nrf_cc3xx_platform_mutex.c.obj)
 .text.mutex_unlock
                0x0000000000005948       0x2c C:/Nordic/v2.0.0/nrfxlib/crypto/nrf_cc310_platform/lib/cortex-m4/soft-float/no-interrupts/libnrf_cc310_platform_0.9.14.a(nrf_cc3xx_platform_mutex.c.obj)
 .text.mutex_init
                0x0000000000005974       0x1c C:/Nordic/v2.0.0/nrfxlib/crypto/nrf_cc310_platform/lib/cortex-m4/soft-float/no-interrupts/libnrf_cc310_platform_0.9.14.a(nrf_cc3xx_platform_mutex.c.obj)
 .text.nrf_cc3xx_platform_set_mutexes
                0x0000000000005990       0x60 C:/Nordic/v2.0.0/nrfxlib/crypto/nrf_cc310_platform/lib/cortex-m4/soft-float/no-interrupts/libnrf_cc310_platform_0.9.14.a(nrf_cc3xx_platform_mutex.c.obj)
                0x0000000000005990                nrf_cc3xx_platform_set_mutexes
 .text.CC_LibInitNoRng
                0x00000000000059f0       0x64 C:/Nordic/v2.0.0/nrfxlib/crypto/nrf_cc310_platform/lib/cortex-m4/soft-float/no-interrupts/libnrf_cc310_platform_0.9.14.a(cc_lib.c.obj)
                0x00000000000059f0                CC_LibInitNoRng
 .text.CC_HalInit
                0x0000000000005a54        0x4 C:/Nordic/v2.0.0/nrfxlib/crypto/nrf_cc310_platform/lib/cortex-m4/soft-float/no-interrupts/libnrf_cc310_platform_0.9.14.a(cc_hal.c.obj)
                0x0000000000005a54                CC_HalInit
 .text.CC_HalTerminate
                0x0000000000005a58        0x4 C:/Nordic/v2.0.0/nrfxlib/crypto/nrf_cc310_platform/lib/cortex-m4/soft-float/no-interrupts/libnrf_cc310_platform_0.9.14.a(cc_hal.c.obj)
                0x0000000000005a58                CC_HalTerminate
 .text.CC_HalMaskInterrupt
                0x0000000000005a5c        0xc C:/Nordic/v2.0.0/nrfxlib/crypto/nrf_cc310_platform/lib/cortex-m4/soft-float/no-interrupts/libnrf_cc310_platform_0.9.14.a(cc_hal.c.obj)
                0x0000000000005a5c                CC_HalMaskInterrupt
 .text.CC_PalInit
                0x0000000000005a68       0x5c C:/Nordic/v2.0.0/nrfxlib/crypto/nrf_cc310_platform/lib/cortex-m4/soft-float/no-interrupts/libnrf_cc310_platform_0.9.14.a(cc_pal.c.obj)
                0x0000000000005a68                CC_PalInit
 .text.CC_PalTerminate
                0x0000000000005ac4       0x34 C:/Nordic/v2.0.0/nrfxlib/crypto/nrf_cc310_platform/lib/cortex-m4/soft-float/no-interrupts/libnrf_cc310_platform_0.9.14.a(cc_pal.c.obj)
                0x0000000000005ac4                CC_PalTerminate
 .text.CC_PalDmaInit
                0x0000000000005af8        0x4 C:/Nordic/v2.0.0/nrfxlib/crypto/nrf_cc310_platform/lib/cortex-m4/soft-float/no-interrupts/libnrf_cc310_platform_0.9.14.a(cc_pal_dma.c.obj)
                0x0000000000005af8                CC_PalDmaInit
 .text.CC_PalDmaTerminate
                0x0000000000005afc        0x4 C:/Nordic/v2.0.0/nrfxlib/crypto/nrf_cc310_platform/lib/cortex-m4/soft-float/no-interrupts/libnrf_cc310_platform_0.9.14.a(cc_pal_dma.c.obj)
                0x0000000000005afc                CC_PalDmaTerminate
 .text.CC_PalMutexCreate
                0x0000000000005b00       0x14 C:/Nordic/v2.0.0/nrfxlib/crypto/nrf_cc310_platform/lib/cortex-m4/soft-float/no-interrupts/libnrf_cc310_platform_0.9.14.a(cc_pal_mutex.c.obj)
                0x0000000000005b00                CC_PalMutexCreate
 .text.CC_PalMutexDestroy
                0x0000000000005b14       0x14 C:/Nordic/v2.0.0/nrfxlib/crypto/nrf_cc310_platform/lib/cortex-m4/soft-float/no-interrupts/libnrf_cc310_platform_0.9.14.a(cc_pal_mutex.c.obj)
                0x0000000000005b14                CC_PalMutexDestroy
 .text.CC_PalPowerSaveModeInit
                0x0000000000005b28       0x3c C:/Nordic/v2.0.0/nrfxlib/crypto/nrf_cc310_platform/lib/cortex-m4/soft-float/no-interrupts/libnrf_cc310_platform_0.9.14.a(cc_pal_pm.c.obj)
                0x0000000000005b28                CC_PalPowerSaveModeInit
 .text.CC_PalPowerSaveModeSelect
                0x0000000000005b64       0x88 C:/Nordic/v2.0.0/nrfxlib/crypto/nrf_cc310_platform/lib/cortex-m4/soft-float/no-interrupts/libnrf_cc310_platform_0.9.14.a(cc_pal_pm.c.obj)
                0x0000000000005b64                CC_PalPowerSaveModeSelect
 .text.gpio_pin_configure_dt
                0x0000000000005bec       0x58 app/libapp.a(main.c.obj)
 .text.AD717X_GetReg
                0x0000000000005c44       0x32 app/libapp.a(ad717x.c.obj)
                0x0000000000005c44                AD717X_GetReg
 .text.AD717X_ComputeDataregSize
                0x0000000000005c76       0x96 app/libapp.a(ad717x.c.obj)
                0x0000000000005c76                AD717X_ComputeDataregSize
 .text.AD717X_ComputeCRC8
                0x0000000000005d0c       0x3a app/libapp.a(ad717x.c.obj)
                0x0000000000005d0c                AD717X_ComputeCRC8
 .text.ad717x_set_polarity
                0x0000000000005d46       0x7e app/libapp.a(ad717x.c.obj)
                0x0000000000005d46                ad717x_set_polarity
 .text.ad717x_set_reference_source
                0x0000000000005dc4       0xd2 app/libapp.a(ad717x.c.obj)
                0x0000000000005dc4                ad717x_set_reference_source
 .text.ad717x_enable_buffers
                0x0000000000005e96       0x9a app/libapp.a(ad717x.c.obj)
                0x0000000000005e96                ad717x_enable_buffers
 .text.AD717X_ComputeXOR8
                0x0000000000005f30       0x16 app/libapp.a(ad717x.c.obj)
                0x0000000000005f30                AD717X_ComputeXOR8
 .text.AD717X_WaitForReady
                0x0000000000005f46       0x66 app/libapp.a(ad717x.c.obj)
                0x0000000000005f46                AD717X_WaitForReady
 .text.AD717X_ReadData
                0x0000000000005fac       0x5c app/libapp.a(ad717x.c.obj)
                0x0000000000005fac                AD717X_ReadData
 .text.AD717X_UpdateCRCSetting
                0x0000000000006008       0x5e app/libapp.a(ad717x.c.obj)
                0x0000000000006008                AD717X_UpdateCRCSetting
 .text.sys_notify_validate
                0x0000000000006066       0x2e zephyr/libzephyr.a(notify.c.obj)
                0x0000000000006066                sys_notify_validate
 .text.sys_notify_finalize
                0x0000000000006094       0x1a zephyr/libzephyr.a(notify.c.obj)
                0x0000000000006094                sys_notify_finalize
 .text.arch_printk_char_out
                0x00000000000060ae        0x4 zephyr/libzephyr.a(printk.c.obj)
                0x00000000000060ae                arch_printk_char_out
 .text.printk   0x00000000000060b2       0x1c zephyr/libzephyr.a(printk.c.obj)
                0x00000000000060b2                printk
 .text.set_state
                0x00000000000060ce       0x10 zephyr/libzephyr.a(onoff.c.obj)
 .text.notify_monitors
                0x00000000000060de       0x3e zephyr/libzephyr.a(onoff.c.obj)
 .text.process_recheck
                0x000000000000611c       0x32 zephyr/libzephyr.a(onoff.c.obj)
 .text.process_complete
                0x000000000000614e       0x9c zephyr/libzephyr.a(onoff.c.obj)
 .text.validate_args
                0x00000000000061ea       0x2c zephyr/libzephyr.a(onoff.c.obj)
 .text.notify_one
                0x0000000000006216       0x26 zephyr/libzephyr.a(onoff.c.obj)
 .text.notify_all
                0x000000000000623c       0x2e zephyr/libzephyr.a(onoff.c.obj)
 .text.transition_complete
                0x000000000000626a       0x1c zephyr/libzephyr.a(onoff.c.obj)
 .text.onoff_manager_init
                0x0000000000006286       0x3a zephyr/libzephyr.a(onoff.c.obj)
                0x0000000000006286                onoff_manager_init
 .text.onoff_request
                0x00000000000062c0       0xb8 zephyr/libzephyr.a(onoff.c.obj)
                0x00000000000062c0                onoff_request
 .text.z_thread_entry
                0x0000000000006378       0x14 zephyr/libzephyr.a(thread_entry.c.obj)
                0x0000000000006378                z_thread_entry
 .text.extract_decimal
                0x000000000000638c       0x24 zephyr/libzephyr.a(cbprintf_complete.c.obj)
 .text.encode_uint
                0x00000000000063b0       0xd4 zephyr/libzephyr.a(cbprintf_complete.c.obj)
 .text.outs     0x0000000000006484       0x34 zephyr/libzephyr.a(cbprintf_complete.c.obj)
 .text._ConfigAbsSyms
                0x00000000000064b8        0x2 zephyr/libzephyr.a(configs.c.obj)
                0x00000000000064b8                _ConfigAbsSyms
 .text.abort_function
                0x00000000000064ba        0x8 zephyr/libzephyr.a(nrf_cc3xx_platform_abort_zephyr.c.obj)
 .text.z_arm_fatal_error
                0x00000000000064c2        0x8 zephyr/arch/arch/arm/core/aarch32/libarch__arm__core__aarch32.a(fatal.c.obj)
                0x00000000000064c2                z_arm_fatal_error
 .text.z_do_kernel_oops
                0x00000000000064ca        0xc zephyr/arch/arch/arm/core/aarch32/libarch__arm__core__aarch32.a(fatal.c.obj)
                0x00000000000064ca                z_do_kernel_oops
 .text.z_irq_spurious
                0x00000000000064d6        0xc zephyr/arch/arch/arm/core/aarch32/libarch__arm__core__aarch32.a(irq_manage.c.obj)
                0x00000000000064d6                z_irq_spurious
 .text.z_arm_nmi
                0x00000000000064e2        0xc zephyr/arch/arch/arm/core/aarch32/libarch__arm__core__aarch32.a(nmi.c.obj)
                0x00000000000064e2                z_arm_nmi
 .text.memory_fault_recoverable
                0x00000000000064ee        0x4 zephyr/arch/arch/arm/core/aarch32/cortex_m/libarch__arm__core__aarch32__cortex_m.a(fault.c.obj)
 .text.debug_monitor
                0x00000000000064f2        0x6 zephyr/arch/arch/arm/core/aarch32/cortex_m/libarch__arm__core__aarch32__cortex_m.a(fault.c.obj)
 .text.fault_handle
                0x00000000000064f8       0x46 zephyr/arch/arch/arm/core/aarch32/cortex_m/libarch__arm__core__aarch32__cortex_m.a(fault.c.obj)
 .text.mpu_partition_is_valid
                0x000000000000653e       0x22 zephyr/arch/arch/arm/core/aarch32/mpu/libarch__arm__core__aarch32__mpu.a(arm_mpu.c.obj)
 .text.region_allocate_and_init
                0x0000000000006560       0x16 zephyr/arch/arch/arm/core/aarch32/mpu/libarch__arm__core__aarch32__mpu.a(arm_mpu.c.obj)
 .text.mpu_configure_region
                0x0000000000006576       0x3e zephyr/arch/arch/arm/core/aarch32/mpu/libarch__arm__core__aarch32__mpu.a(arm_mpu.c.obj)
 .text.mpu_configure_regions
                0x00000000000065b4       0x50 zephyr/arch/arch/arm/core/aarch32/mpu/libarch__arm__core__aarch32__mpu.a(arm_mpu.c.obj)
 .text.arm_core_mpu_configure_static_mpu_regions
                0x0000000000006604        0x8 zephyr/arch/arch/arm/core/aarch32/mpu/libarch__arm__core__aarch32__mpu.a(arm_mpu.c.obj)
                0x0000000000006604                arm_core_mpu_configure_static_mpu_regions
 .text.arm_core_mpu_configure_dynamic_mpu_regions
                0x000000000000660c        0x8 zephyr/arch/arch/arm/core/aarch32/mpu/libarch__arm__core__aarch32__mpu.a(arm_mpu.c.obj)
                0x000000000000660c                arm_core_mpu_configure_dynamic_mpu_regions
 .text.strcpy   0x0000000000006614       0x14 zephyr/lib/libc/minimal/liblib__libc__minimal.a(string.c.obj)
                0x0000000000006614                strcpy
 .text.strncpy  0x0000000000006628       0x34 zephyr/lib/libc/minimal/liblib__libc__minimal.a(string.c.obj)
                0x0000000000006628                strncpy
 .text.strlen   0x000000000000665c       0x12 zephyr/lib/libc/minimal/liblib__libc__minimal.a(string.c.obj)
                0x000000000000665c                strlen
 .text.strnlen  0x000000000000666e       0x14 zephyr/lib/libc/minimal/liblib__libc__minimal.a(string.c.obj)
                0x000000000000666e                strnlen
 .text.strcmp   0x0000000000006682       0x16 zephyr/lib/libc/minimal/liblib__libc__minimal.a(string.c.obj)
                0x0000000000006682                strcmp
 .text.memcpy   0x0000000000006698       0x5e zephyr/lib/libc/minimal/liblib__libc__minimal.a(string.c.obj)
                0x0000000000006698                memcpy
 .text.memset   0x00000000000066f6       0x3c zephyr/lib/libc/minimal/liblib__libc__minimal.a(string.c.obj)
                0x00000000000066f6                memset
 .text._stdout_hook_default
                0x0000000000006732        0x6 zephyr/lib/libc/minimal/liblib__libc__minimal.a(stdout_console.c.obj)
 .text.nrf52_errata_197
                0x0000000000006738       0x20 zephyr/soc/arm/nordic_nrf/nrf52/libsoc__arm__nordic_nrf__nrf52.a(soc.c.obj)
 .text.pm_state_set
                0x0000000000006758       0x18 zephyr/soc/arm/nordic_nrf/nrf52/libsoc__arm__nordic_nrf__nrf52.a(power.c.obj)
                0x0000000000006758                pm_state_set
 .text.pm_state_exit_post_ops
                0x0000000000006770        0xc zephyr/soc/arm/nordic_nrf/nrf52/libsoc__arm__nordic_nrf__nrf52.a(power.c.obj)
                0x0000000000006770                pm_state_exit_post_ops
 .text.get_sub_data
                0x000000000000677c        0xe zephyr/drivers/clock_control/libdrivers__clock_control.a(clock_control_nrf.c.obj)
 .text.get_sub_config
                0x000000000000678a        0x8 zephyr/drivers/clock_control/libdrivers__clock_control.a(clock_control_nrf.c.obj)
 .text.get_onoff_manager
                0x0000000000006792        0xc zephyr/drivers/clock_control/libdrivers__clock_control.a(clock_control_nrf.c.obj)
 .text.get_status
                0x000000000000679e       0x10 zephyr/drivers/clock_control/libdrivers__clock_control.a(clock_control_nrf.c.obj)
 .text.set_off_state
                0x00000000000067ae       0x32 zephyr/drivers/clock_control/libdrivers__clock_control.a(clock_control_nrf.c.obj)
 .text.set_starting_state
                0x00000000000067e0       0x3c zephyr/drivers/clock_control/libdrivers__clock_control.a(clock_control_nrf.c.obj)
 .text.set_on_state
                0x000000000000681c       0x26 zephyr/drivers/clock_control/libdrivers__clock_control.a(clock_control_nrf.c.obj)
 .text.clkstarted_handle
                0x0000000000006842       0x24 zephyr/drivers/clock_control/libdrivers__clock_control.a(clock_control_nrf.c.obj)
 .text.stop     0x0000000000006866       0x2a zephyr/drivers/clock_control/libdrivers__clock_control.a(clock_control_nrf.c.obj)
 .text.api_stop
                0x0000000000006890        0xa zephyr/drivers/clock_control/libdrivers__clock_control.a(clock_control_nrf.c.obj)
 .text.async_start
                0x000000000000689a       0x38 zephyr/drivers/clock_control/libdrivers__clock_control.a(clock_control_nrf.c.obj)
 .text.api_start
                0x00000000000068d2       0x10 zephyr/drivers/clock_control/libdrivers__clock_control.a(clock_control_nrf.c.obj)
 .text.onoff_started_callback
                0x00000000000068e2       0x10 zephyr/drivers/clock_control/libdrivers__clock_control.a(clock_control_nrf.c.obj)
 .text.hfclk_start
                0x00000000000068f2        0xa zephyr/drivers/clock_control/libdrivers__clock_control.a(clock_control_nrf.c.obj)
 .text.lfclk_start
                0x00000000000068fc        0xa zephyr/drivers/clock_control/libdrivers__clock_control.a(clock_control_nrf.c.obj)
 .text.hfclk_stop
                0x0000000000006906        0xa zephyr/drivers/clock_control/libdrivers__clock_control.a(clock_control_nrf.c.obj)
 .text.lfclk_stop
                0x0000000000006910        0xa zephyr/drivers/clock_control/libdrivers__clock_control.a(clock_control_nrf.c.obj)
 .text.blocking_start_callback
                0x000000000000691a        0xa zephyr/drivers/clock_control/libdrivers__clock_control.a(clock_control_nrf.c.obj)
 .text.wait     0x0000000000006924       0x14 zephyr/drivers/console/libdrivers__console.a(rtt_console.c.obj)
 .text.get_drive
                0x0000000000006938       0x8c zephyr/drivers/gpio/libdrivers__gpio.a(gpio_nrfx.c.obj)
 .text.get_pull
                0x00000000000069c4       0x18 zephyr/drivers/gpio/libdrivers__gpio.a(gpio_nrfx.c.obj)
 .text.gpio_nrfx_port_get_raw
                0x00000000000069dc        0xe zephyr/drivers/gpio/libdrivers__gpio.a(gpio_nrfx.c.obj)
 .text.gpio_nrfx_port_set_masked_raw
                0x00000000000069ea       0x16 zephyr/drivers/gpio/libdrivers__gpio.a(gpio_nrfx.c.obj)
 .text.gpio_nrfx_port_set_bits_raw
                0x0000000000006a00        0xc zephyr/drivers/gpio/libdrivers__gpio.a(gpio_nrfx.c.obj)
 .text.gpio_nrfx_port_clear_bits_raw
                0x0000000000006a0c        0xc zephyr/drivers/gpio/libdrivers__gpio.a(gpio_nrfx.c.obj)
 .text.gpio_nrfx_port_toggle_bits
                0x0000000000006a18       0x12 zephyr/drivers/gpio/libdrivers__gpio.a(gpio_nrfx.c.obj)
 .text.get_trigger
                0x0000000000006a2a       0x2c zephyr/drivers/gpio/libdrivers__gpio.a(gpio_nrfx.c.obj)
 .text.gpio_nrfx_manage_callback
                0x0000000000006a56       0x72 zephyr/drivers/gpio/libdrivers__gpio.a(gpio_nrfx.c.obj)
 .text.nrfx_gpio_handler
                0x0000000000006ac8       0x48 zephyr/drivers/gpio/libdrivers__gpio.a(gpio_nrfx.c.obj)
 .text.spi_nrfx_release
                0x0000000000006b10       0x7a zephyr/drivers/spi/libdrivers__spi.a(spi_nrfx_spi.c.obj)
 .text.transceive
                0x0000000000006b8a      0x186 zephyr/drivers/spi/libdrivers__spi.a(spi_nrfx_spi.c.obj)
 .text.spi_nrfx_transceive
                0x0000000000006d10       0x12 zephyr/drivers/spi/libdrivers__spi.a(spi_nrfx_spi.c.obj)
 .text.event_handler
                0x0000000000006d22       0xb6 zephyr/drivers/spi/libdrivers__spi.a(spi_nrfx_spi.c.obj)
 .text.spi_1_init
                0x0000000000006dd8      0x106 zephyr/drivers/spi/libdrivers__spi.a(spi_nrfx_spi.c.obj)
 .text.endtx_isr
                0x0000000000006ede       0x32 zephyr/drivers/serial/libdrivers__serial.a(uart_nrfx_uarte.c.obj)
 .text.uarte_nrfx_isr_int
                0x0000000000006f10       0x52 zephyr/drivers/serial/libdrivers__serial.a(uart_nrfx_uarte.c.obj)
 .text.uarte_nrfx_configure
                0x0000000000006f62       0xa6 zephyr/drivers/serial/libdrivers__serial.a(uart_nrfx_uarte.c.obj)
 .text.uarte_nrfx_config_get
                0x0000000000007008       0x12 zephyr/drivers/serial/libdrivers__serial.a(uart_nrfx_uarte.c.obj)
 .text.uarte_nrfx_err_check
                0x000000000000701a        0xe zephyr/drivers/serial/libdrivers__serial.a(uart_nrfx_uarte.c.obj)
 .text.is_tx_ready
                0x0000000000007028       0x28 zephyr/drivers/serial/libdrivers__serial.a(uart_nrfx_uarte.c.obj)
 .text.uarte_enable
                0x0000000000007050        0xc zephyr/drivers/serial/libdrivers__serial.a(uart_nrfx_uarte.c.obj)
 .text.tx_start
                0x000000000000705c       0x3e zephyr/drivers/serial/libdrivers__serial.a(uart_nrfx_uarte.c.obj)
 .text.uarte_nrfx_poll_in
                0x000000000000709a       0x2a zephyr/drivers/serial/libdrivers__serial.a(uart_nrfx_uarte.c.obj)
 .text.wait_tx_ready
                0x00000000000070c4       0x4e zephyr/drivers/serial/libdrivers__serial.a(uart_nrfx_uarte.c.obj)
 .text.uarte_instance_init
                0x0000000000007112       0xc2 zephyr/drivers/serial/libdrivers__serial.a(uart_nrfx_uarte.c.obj)
 .text.uarte_0_init
                0x00000000000071d4       0x1e zephyr/drivers/serial/libdrivers__serial.a(uart_nrfx_uarte.c.obj)
 .text.uarte_1_init
                0x00000000000071f2       0x1e zephyr/drivers/serial/libdrivers__serial.a(uart_nrfx_uarte.c.obj)
 .text.sys_clock_idle_exit
                0x0000000000007210        0x2 zephyr/drivers/timer/libdrivers__timer.a(sys_clock_init.c.obj)
                0x0000000000007210                sys_clock_idle_exit
 .text.counter_sub
                0x0000000000007212        0x8 zephyr/drivers/timer/libdrivers__timer.a(nrf_rtc_timer.c.obj)
 .text.event_clear
                0x000000000000721a       0x18 zephyr/drivers/timer/libdrivers__timer.a(nrf_rtc_timer.c.obj)
 .text.absolute_time_to_cc
                0x0000000000007232        0x6 zephyr/drivers/timer/libdrivers__timer.a(nrf_rtc_timer.c.obj)
 .text.full_int_lock
                0x0000000000007238       0x12 zephyr/drivers/timer/libdrivers__timer.a(nrf_rtc_timer.c.obj)
 .text.full_int_unlock
                0x000000000000724a        0xa zephyr/drivers/timer/libdrivers__timer.a(nrf_rtc_timer.c.obj)
 .text.set_absolute_alarm
                0x0000000000007254       0x76 zephyr/drivers/timer/libdrivers__timer.a(nrf_rtc_timer.c.obj)
 .text.compare_set
                0x00000000000072ca       0x32 zephyr/drivers/timer/libdrivers__timer.a(nrf_rtc_timer.c.obj)
 .text.pinctrl_lookup_state
                0x00000000000072fc       0x34 zephyr/drivers/pinctrl/libdrivers__pinctrl.a(common.c.obj)
                0x00000000000072fc                pinctrl_lookup_state
 .text.k_sys_fatal_error_handler
                0x0000000000007330        0x8 modules/nrf/lib/fatal_error/lib..__nrf__lib__fatal_error.a(fatal_error.c.obj)
                0x0000000000007330                k_sys_fatal_error_handler
 .text.hw_cc3xx_init_internal
                0x0000000000007338        0x8 modules/nrf/drivers/hw_cc310/lib..__nrf__drivers__hw_cc310.a(hw_cc310.c.obj)
 .text.hw_cc3xx_init
                0x0000000000007340       0x14 modules/nrf/drivers/hw_cc310/lib..__nrf__drivers__hw_cc310.a(hw_cc310.c.obj)
 .text.nrf52_errata_36
                0x0000000000007354       0x14 modules/hal_nordic/nrfx/libmodules__hal_nordic__nrfx.a(system_nrf52840.c.obj)
 .text.nrf52_errata_66
                0x0000000000007368       0x14 modules/hal_nordic/nrfx/libmodules__hal_nordic__nrfx.a(system_nrf52840.c.obj)
 .text.nrf52_errata_98
                0x000000000000737c       0x26 modules/hal_nordic/nrfx/libmodules__hal_nordic__nrfx.a(system_nrf52840.c.obj)
 .text.nrf52_errata_103
                0x00000000000073a2       0x26 modules/hal_nordic/nrfx/libmodules__hal_nordic__nrfx.a(system_nrf52840.c.obj)
 .text.nrf52_errata_115
                0x00000000000073c8       0x26 modules/hal_nordic/nrfx/libmodules__hal_nordic__nrfx.a(system_nrf52840.c.obj)
 .text.nrf52_errata_120
                0x00000000000073ee       0x26 modules/hal_nordic/nrfx/libmodules__hal_nordic__nrfx.a(system_nrf52840.c.obj)
 .text.nrf52_errata_136
                0x0000000000007414       0x14 modules/hal_nordic/nrfx/libmodules__hal_nordic__nrfx.a(system_nrf52840.c.obj)
 .text.nrf52_configuration_249
                0x0000000000007428       0x20 modules/hal_nordic/nrfx/libmodules__hal_nordic__nrfx.a(system_nrf52840.c.obj)
 .text.nrfx_isr
                0x0000000000007448        0x6 modules/hal_nordic/nrfx/libmodules__hal_nordic__nrfx.a(nrfx_glue.c.obj)
                0x0000000000007448                nrfx_isr
 .text.nrfx_busy_wait
                0x000000000000744e        0x8 modules/hal_nordic/nrfx/libmodules__hal_nordic__nrfx.a(nrfx_glue.c.obj)
                0x000000000000744e                nrfx_busy_wait
 .text.clock_initial_lfclksrc_get
                0x0000000000007456        0x4 modules/hal_nordic/nrfx/libmodules__hal_nordic__nrfx.a(nrfx_clock.c.obj)
 .text.clock_lfclksrc_tweak
                0x000000000000745a       0x2c modules/hal_nordic/nrfx/libmodules__hal_nordic__nrfx.a(nrfx_clock.c.obj)
 .text.nrfx_clock_enable
                0x0000000000007486       0x1e modules/hal_nordic/nrfx/libmodules__hal_nordic__nrfx.a(nrfx_clock.c.obj)
                0x0000000000007486                nrfx_clock_enable
 .text.nrfx_clock_start
                0x00000000000074a4       0xa0 modules/hal_nordic/nrfx/libmodules__hal_nordic__nrfx.a(nrfx_clock.c.obj)
                0x00000000000074a4                nrfx_clock_start
 .text.nrfx_clock_stop
                0x0000000000007544        0x8 modules/hal_nordic/nrfx/libmodules__hal_nordic__nrfx.a(nrfx_clock.c.obj)
                0x0000000000007544                nrfx_clock_stop
 .text.pin_is_task_output
                0x000000000000754c       0x1e modules/hal_nordic/nrfx/libmodules__hal_nordic__nrfx.a(nrfx_gpiote.c.obj)
 .text.pin_is_input
                0x000000000000756a        0xe modules/hal_nordic/nrfx/libmodules__hal_nordic__nrfx.a(nrfx_gpiote.c.obj)
 .text.gpiote_polarity_to_trigger
                0x0000000000007578        0x2 modules/hal_nordic/nrfx/libmodules__hal_nordic__nrfx.a(nrfx_gpiote.c.obj)
 .text.gpiote_trigger_to_polarity
                0x000000000000757a        0x2 modules/hal_nordic/nrfx/libmodules__hal_nordic__nrfx.a(nrfx_gpiote.c.obj)
 .text.is_level
                0x000000000000757c        0xa modules/hal_nordic/nrfx/libmodules__hal_nordic__nrfx.a(nrfx_gpiote.c.obj)
 .text.transfer_byte
                0x0000000000007586       0x76 modules/hal_nordic/nrfx/libmodules__hal_nordic__nrfx.a(nrfx_spi.c.obj)
 .text.irq_handler
                0x00000000000075fc       0x1e modules/hal_nordic/nrfx/libmodules__hal_nordic__nrfx.a(nrfx_spi.c.obj)
 .text._GetAvailWriteSpace
                0x000000000000761a       0x18 modules/segger/libmodules__segger.a(SEGGER_RTT.c.obj)
 .text._WriteNoCheck
                0x0000000000007632       0x4c modules/segger/libmodules__segger.a(SEGGER_RTT.c.obj)
 .text._WriteBlocking
                0x000000000000767e       0x62 modules/segger/libmodules__segger.a(SEGGER_RTT.c.obj)
 .text.SEGGER_RTT_Init
                0x00000000000076e0        0x8 modules/segger/libmodules__segger.a(SEGGER_RTT.c.obj)
                0x00000000000076e0                SEGGER_RTT_Init
 .text.rtt_init
                0x00000000000076e8        0xa modules/segger/libmodules__segger.a(SEGGER_RTT_zephyr.c.obj)
 .text.z_device_is_ready
                0x00000000000076f2       0x1a zephyr/kernel/libkernel.a(device.c.obj)
                0x00000000000076f2                z_device_is_ready
 .text.z_fatal_error
                0x000000000000770c       0x34 zephyr/kernel/libkernel.a(fatal.c.obj)
                0x000000000000770c                z_fatal_error
 .text.z_early_memset
                0x0000000000007740        0x8 zephyr/kernel/libkernel.a(init.c.obj)
                0x0000000000007740                z_early_memset
 .text.z_early_memcpy
                0x0000000000007748        0x8 zephyr/kernel/libkernel.a(init.c.obj)
                0x0000000000007748                z_early_memcpy
 .text.create_free_list
                0x0000000000007750       0x2e zephyr/kernel/libkernel.a(mem_slab.c.obj)
 .text.k_mem_slab_init
                0x000000000000777e       0x1c zephyr/kernel/libkernel.a(mem_slab.c.obj)
                0x000000000000777e                k_mem_slab_init
 .text.k_mem_slab_free
                0x000000000000779a       0x58 zephyr/kernel/libkernel.a(mem_slab.c.obj)
                0x000000000000779a                k_mem_slab_free
 .text.setup_thread_stack
                0x00000000000077f2       0x24 zephyr/kernel/libkernel.a(thread.c.obj)
 .text.k_is_in_isr
                0x0000000000007816        0xc zephyr/kernel/libkernel.a(thread.c.obj)
                0x0000000000007816                k_is_in_isr
 .text.z_impl_k_thread_start
                0x0000000000007822        0x8 zephyr/kernel/libkernel.a(thread.c.obj)
                0x0000000000007822                z_impl_k_thread_start
 .text.z_init_thread_base
                0x000000000000782a       0x16 zephyr/kernel/libkernel.a(thread.c.obj)
                0x000000000000782a                z_init_thread_base
 .text.z_pm_save_idle_exit
                0x0000000000007840        0xc zephyr/kernel/libkernel.a(idle.c.obj)
                0x0000000000007840                z_pm_save_idle_exit
 .text.new_prio_for_inheritance
                0x000000000000784c       0x16 zephyr/kernel/libkernel.a(mutex.c.obj)
 .text.adjust_owner_prio
                0x0000000000007862       0x16 zephyr/kernel/libkernel.a(mutex.c.obj)
 .text.z_impl_k_mutex_init
                0x0000000000007878        0xe zephyr/kernel/libkernel.a(mutex.c.obj)
                0x0000000000007878                z_impl_k_mutex_init
 .text.thread_active_elsewhere
                0x0000000000007886        0x4 zephyr/kernel/libkernel.a(sched.c.obj)
 .text.pended_on_thread
                0x000000000000788a        0x4 zephyr/kernel/libkernel.a(sched.c.obj)
 .text.z_sched_prio_cmp
                0x000000000000788e       0x14 zephyr/kernel/libkernel.a(sched.c.obj)
                0x000000000000788e                z_sched_prio_cmp
 .text.z_reschedule_irqlock
                0x00000000000078a2       0x2a zephyr/kernel/libkernel.a(sched.c.obj)
                0x00000000000078a2                z_reschedule_irqlock
 .text.z_priq_dumb_remove
                0x00000000000078cc       0x10 zephyr/kernel/libkernel.a(sched.c.obj)
                0x00000000000078cc                z_priq_dumb_remove
 .text.z_priq_dumb_best
                0x00000000000078dc        0xe zephyr/kernel/libkernel.a(sched.c.obj)
                0x00000000000078dc                z_priq_dumb_best
 .text.z_ready_thread
                0x00000000000078ea       0x38 zephyr/kernel/libkernel.a(sched.c.obj)
                0x00000000000078ea                z_ready_thread
 .text.z_thread_timeout
                0x0000000000007922       0x70 zephyr/kernel/libkernel.a(sched.c.obj)
                0x0000000000007922                z_thread_timeout
 .text.add_to_waitq_locked
                0x0000000000007992       0x54 zephyr/kernel/libkernel.a(sched.c.obj)
 .text.pend     0x00000000000079e6       0x44 zephyr/kernel/libkernel.a(sched.c.obj)
 .text.z_unpend_first_thread
                0x0000000000007a2a       0x56 zephyr/kernel/libkernel.a(sched.c.obj)
                0x0000000000007a2a                z_unpend_first_thread
 .text.init_ready_q
                0x0000000000007a80        0x8 zephyr/kernel/libkernel.a(sched.c.obj)
                0x0000000000007a80                init_ready_q
 .text.remove_timeout
                0x0000000000007a88       0x2e zephyr/kernel/libkernel.a(timeout.c.obj)
 .text.z_abort_timeout
                0x0000000000007ab6       0x3c zephyr/kernel/libkernel.a(timeout.c.obj)
                0x0000000000007ab6                z_abort_timeout
 .text.z_get_next_timeout_expiry
                0x0000000000007af2       0x2e zephyr/kernel/libkernel.a(timeout.c.obj)
                0x0000000000007af2                z_get_next_timeout_expiry
 .text.z_set_timeout_expiry
                0x0000000000007b20       0x56 zephyr/kernel/libkernel.a(timeout.c.obj)
                0x0000000000007b20                z_set_timeout_expiry
 .text.sys_clock_tick_get_32
                0x0000000000007b76        0x8 zephyr/kernel/libkernel.a(timeout.c.obj)
                0x0000000000007b76                sys_clock_tick_get_32
 .text.z_impl_k_busy_wait
                0x0000000000007b7e        0xc zephyr/kernel/libkernel.a(timeout.c.obj)
                0x0000000000007b7e                z_impl_k_busy_wait
 .text._OffsetAbsSyms
                0x0000000000007b8a        0x2 zephyr/CMakeFiles/offsets.dir/./arch/arm/core/offsets/offsets.c.obj
                0x0000000000007b8a                _OffsetAbsSyms
 *(SORT_BY_ALIGNMENT(.TEXT.*))
 .TEXT.z_arm_platform_init
                0x0000000000007b8c        0x4 zephyr/libzephyr.a(soc_nrf_common.S.obj)
                0x0000000000007b8c                z_arm_platform_init
 *(SORT_BY_ALIGNMENT(.gnu.linkonce.t.*))
 *(SORT_BY_ALIGNMENT(.glue_7t))
 .glue_7t       0x0000000000007b90        0x0 linker stubs
 *(SORT_BY_ALIGNMENT(.glue_7))
 .glue_7        0x0000000000007b90        0x0 linker stubs
 *(SORT_BY_ALIGNMENT(.vfp11_veneer))
 .vfp11_veneer  0x0000000000007b90        0x0 linker stubs
 *(SORT_BY_ALIGNMENT(.v4_bx))
 .v4_bx         0x0000000000007b90        0x0 linker stubs
                0x0000000000007b90                __text_region_end = .

.ARM.exidx      0x0000000000007b90        0x8
                0x0000000000007b90                __exidx_start = .
 *(SORT_BY_ALIGNMENT(.ARM.exidx*) SORT_BY_ALIGNMENT(gnu.linkonce.armexidx.*))
 .ARM.exidx     0x0000000000007b90        0x8 c:/nordic/toolchains/v2.0.0/opt/zephyr-sdk/arm-zephyr-eabi/bin/../lib/gcc/arm-zephyr-eabi/10.3.0/thumb/v7e-m/nofp\libgcc.a(_udivmoddi4.o)
                0x0000000000007b98                __exidx_end = .
                0x0000000000007b98                __rodata_region_start = .

initlevel       0x0000000000007b98       0x68
                0x0000000000007b98                __init_start = .
                0x0000000000007b98                __init_PRE_KERNEL_1_start = .
 *(SORT_BY_NAME(SORT_BY_ALIGNMENT(.z_init_PRE_KERNEL_1[0-9]_*)))
 .z_init_PRE_KERNEL_10_
                0x0000000000007b98        0x8 zephyr/soc/arm/nordic_nrf/nrf52/libsoc__arm__nordic_nrf__nrf52.a(soc.c.obj)
 *(SORT_BY_NAME(SORT_BY_ALIGNMENT(.z_init_PRE_KERNEL_1[1-9][0-9]_*)))
 .z_init_PRE_KERNEL_130_
                0x0000000000007ba0        0x8 zephyr/drivers/clock_control/libdrivers__clock_control.a(clock_control_nrf.c.obj)
 .z_init_PRE_KERNEL_130_
                0x0000000000007ba8        0x8 modules/segger/libmodules__segger.a(SEGGER_RTT_zephyr.c.obj)
 .z_init_PRE_KERNEL_130_
                0x0000000000007bb0        0x8 zephyr/kernel/libkernel.a(mem_slab.c.obj)
 .z_init_PRE_KERNEL_140_
                0x0000000000007bb8        0x8 zephyr/drivers/console/libdrivers__console.a(rtt_console.c.obj)
 .z_init_PRE_KERNEL_140_
                0x0000000000007bc0       0x10 zephyr/drivers/gpio/libdrivers__gpio.a(gpio_nrfx.c.obj)
 .z_init_PRE_KERNEL_140_
                0x0000000000007bd0        0x8 modules/nrf/drivers/hw_cc310/lib..__nrf__drivers__hw_cc310.a(hw_cc310.c.obj)
 .z_init_PRE_KERNEL_155_
                0x0000000000007bd8       0x10 zephyr/drivers/serial/libdrivers__serial.a(uart_nrfx_uarte.c.obj)
                0x0000000000007be8                __init_PRE_KERNEL_2_start = .
 *(SORT_BY_NAME(SORT_BY_ALIGNMENT(.z_init_PRE_KERNEL_2[0-9]_*)))
 .z_init_PRE_KERNEL_20_
                0x0000000000007be8        0x8 zephyr/drivers/timer/libdrivers__timer.a(nrf_rtc_timer.c.obj)
 *(SORT_BY_NAME(SORT_BY_ALIGNMENT(.z_init_PRE_KERNEL_2[1-9][0-9]_*)))
                0x0000000000007bf0                __init_POST_KERNEL_start = .
 *(SORT_BY_NAME(SORT_BY_ALIGNMENT(.z_init_POST_KERNEL[0-9]_*)))
 *(SORT_BY_NAME(SORT_BY_ALIGNMENT(.z_init_POST_KERNEL[1-9][0-9]_*)))
 .z_init_POST_KERNEL40_
                0x0000000000007bf0        0x8 modules/nrf/drivers/hw_cc310/lib..__nrf__drivers__hw_cc310.a(hw_cc310.c.obj)
 .z_init_POST_KERNEL70_
                0x0000000000007bf8        0x8 zephyr/drivers/spi/libdrivers__spi.a(spi_nrfx_spi.c.obj)
                0x0000000000007c00                __init_APPLICATION_start = .
 *(SORT_BY_NAME(SORT_BY_ALIGNMENT(.z_init_APPLICATION[0-9]_*)))
 *(SORT_BY_NAME(SORT_BY_ALIGNMENT(.z_init_APPLICATION[1-9][0-9]_*)))
                0x0000000000007c00                __init_SMP_start = .
 *(SORT_BY_NAME(SORT_BY_ALIGNMENT(.z_init_SMP[0-9]_*)))
 *(SORT_BY_NAME(SORT_BY_ALIGNMENT(.z_init_SMP[1-9][0-9]_*)))
                0x0000000000007c00                __init_end = .

devices         0x0000000000007c00       0x90
                0x0000000000007c00                __device_start = .
                0x0000000000007c00                __device_PRE_KERNEL_1_start = .
 *(SORT_BY_NAME(SORT_BY_ALIGNMENT(.z_device_PRE_KERNEL_1[0-9]_*)))
 *(SORT_BY_NAME(SORT_BY_ALIGNMENT(.z_device_PRE_KERNEL_1[1-9][0-9]_*)))
 .z_device_PRE_KERNEL_130_
                0x0000000000007c00       0x18 zephyr/drivers/clock_control/libdrivers__clock_control.a(clock_control_nrf.c.obj)
                0x0000000000007c00                __device_dts_ord_46
 .z_device_PRE_KERNEL_140_
                0x0000000000007c18       0x30 zephyr/drivers/gpio/libdrivers__gpio.a(gpio_nrfx.c.obj)
                0x0000000000007c18                __device_dts_ord_31
                0x0000000000007c30                __device_dts_ord_11
 .z_device_PRE_KERNEL_155_
                0x0000000000007c48       0x30 zephyr/drivers/serial/libdrivers__serial.a(uart_nrfx_uarte.c.obj)
                0x0000000000007c48                __device_dts_ord_88
                0x0000000000007c60                __device_dts_ord_87
                0x0000000000007c78                __device_PRE_KERNEL_2_start = .
 *(SORT_BY_NAME(SORT_BY_ALIGNMENT(.z_device_PRE_KERNEL_2[0-9]_*)))
 *(SORT_BY_NAME(SORT_BY_ALIGNMENT(.z_device_PRE_KERNEL_2[1-9][0-9]_*)))
                0x0000000000007c78                __device_POST_KERNEL_start = .
 *(SORT_BY_NAME(SORT_BY_ALIGNMENT(.z_device_POST_KERNEL[0-9]_*)))
 *(SORT_BY_NAME(SORT_BY_ALIGNMENT(.z_device_POST_KERNEL[1-9][0-9]_*)))
 .z_device_POST_KERNEL70_
                0x0000000000007c78       0x18 zephyr/drivers/spi/libdrivers__spi.a(spi_nrfx_spi.c.obj)
                0x0000000000007c78                __device_dts_ord_78
                0x0000000000007c90                __device_APPLICATION_start = .
 *(SORT_BY_NAME(SORT_BY_ALIGNMENT(.z_device_APPLICATION[0-9]_*)))
 *(SORT_BY_NAME(SORT_BY_ALIGNMENT(.z_device_APPLICATION[1-9][0-9]_*)))
                0x0000000000007c90                __device_SMP_start = .
 *(SORT_BY_NAME(SORT_BY_ALIGNMENT(.z_device_SMP[0-9]_*)))
 *(SORT_BY_NAME(SORT_BY_ALIGNMENT(.z_device_SMP[1-9][0-9]_*)))
                0x0000000000007c90                __device_end = .

sw_isr_table    0x0000000000007c90      0x180
                0x0000000000007c90                . = ALIGN (0x0)
 *(SORT_BY_ALIGNMENT(.gnu.linkonce.sw_isr_table*))
 .gnu.linkonce.sw_isr_table
                0x0000000000007c90      0x180 zephyr/arch/common/libisr_tables.a(isr_tables.c.obj)
                0x0000000000007c90                _sw_isr_table

initlevel_error
                0x0000000000007b98        0x0
 *(SORT_BY_NAME(SORT_BY_ALIGNMENT(.z_init_[_A-Z0-9]*)))
                0x0000000000000001                ASSERT ((SIZEOF (initlevel_error) == 0x0), Undefined initialization levels used.)

app_shmem_regions
                0x0000000000007e10        0x0
                0x0000000000007e10                __app_shmem_regions_start = .
 *(SORT_BY_NAME(SORT_BY_ALIGNMENT(.app_regions.*)))
                0x0000000000007e10                __app_shmem_regions_end = .

bt_l2cap_fixed_chan_area
                0x0000000000007e10        0x0
                0x0000000000007e10                _bt_l2cap_fixed_chan_list_start = .
 *(SORT_BY_NAME(SORT_BY_ALIGNMENT(._bt_l2cap_fixed_chan.static.*)))
                0x0000000000007e10                _bt_l2cap_fixed_chan_list_end = .

bt_gatt_service_static_area
                0x0000000000007e10        0x0
                0x0000000000007e10                _bt_gatt_service_static_list_start = .
 *(SORT_BY_NAME(SORT_BY_ALIGNMENT(._bt_gatt_service_static.static.*)))
                0x0000000000007e10                _bt_gatt_service_static_list_end = .

k_p4wq_initparam_area
                0x0000000000007e10        0x0
                0x0000000000007e10                _k_p4wq_initparam_list_start = .
 *(SORT_BY_NAME(SORT_BY_ALIGNMENT(._k_p4wq_initparam.static.*)))
                0x0000000000007e10                _k_p4wq_initparam_list_end = .

log_strings_sections
                0x0000000000007e10        0x0
                0x0000000000007e10                __log_strings_start = .
 *(SORT_BY_NAME(SORT_BY_ALIGNMENT(.log_strings*)))
                0x0000000000007e10                __log_strings_end = .

log_const_sections
                0x0000000000007e10        0x0
                0x0000000000007e10                __log_const_start = .
 *(SORT_BY_NAME(SORT_BY_ALIGNMENT(.log_const_*)))
                0x0000000000007e10                __log_const_end = .

log_backends_sections
                0x0000000000007e10        0x0
                0x0000000000007e10                __log_backends_start = .
 *(SORT_BY_ALIGNMENT(._log_backend.*))
                0x0000000000007e10                __log_backends_end = .

shell_area      0x0000000000007e10        0x0
                0x0000000000007e10                _shell_list_start = .
 *(SORT_BY_NAME(SORT_BY_ALIGNMENT(._shell.static.*)))
                0x0000000000007e10                _shell_list_end = .

shell_root_cmds_sections
                0x0000000000007e10        0x0
                0x0000000000007e10                __shell_root_cmds_start = .
 *(SORT_BY_NAME(SORT_BY_ALIGNMENT(.shell_root_cmd_*)))
                0x0000000000007e10                __shell_root_cmds_end = .

font_entry_sections
                0x0000000000007e10        0x0
                0x0000000000007e10                __font_entry_start = .
 *(SORT_BY_NAME(SORT_BY_ALIGNMENT(._cfb_font.*)))
                0x0000000000007e10                __font_entry_end = .

tracing_backend_area
                0x0000000000007e10        0x0
                0x0000000000007e10                _tracing_backend_list_start = .
 *(SORT_BY_NAME(SORT_BY_ALIGNMENT(._tracing_backend.static.*)))
                0x0000000000007e10                _tracing_backend_list_end = .

zephyr_dbg_info
                0x0000000000007e10       0x3c
 *(SORT_BY_ALIGNMENT(.dbg_thread_info))
 .dbg_thread_info
                0x0000000000007e10       0x3c zephyr/libzephyr.a(thread_info.c.obj)
                0x0000000000007e10                _kernel_openocd_size_t_size
                0x0000000000007e10                _kernel_thread_info_size_t_size
                0x0000000000007e14                _kernel_openocd_num_offsets
                0x0000000000007e14                _kernel_thread_info_num_offsets
                0x0000000000007e18                _kernel_openocd_offsets
                0x0000000000007e18                _kernel_thread_info_offsets

device_handles  0x0000000000007e4c       0x24
                0x0000000000007e4c                __device_handles_start = .
 *(SORT_BY_NAME(SORT_BY_ALIGNMENT(.__device_handles_pass2*)))
 .__device_handles_pass2
                0x0000000000007e4c       0x24 zephyr/CMakeFiles/zephyr_pre1.dir/dev_handles.c.obj
                0x0000000000007e4c                __devicehdl_DT_N_S_soc_S_spi_40004000
                0x0000000000007e52                __devicehdl_DT_N_S_soc_S_uart_40002000
                0x0000000000007e58                __devicehdl_DT_N_S_soc_S_uart_40028000
                0x0000000000007e5e                __devicehdl_DT_N_S_soc_S_gpio_50000000
                0x0000000000007e64                __devicehdl_DT_N_S_soc_S_gpio_50000300
                0x0000000000007e6a                __devicehdl_DT_N_S_soc_S_clock_40000000
                0x0000000000007e70                __device_handles_end = .

rodata          0x0000000000007e70      0x5f0
 *(SORT_BY_ALIGNMENT(.rodata))
 .rodata        0x0000000000007e70        0x8 app/libapp.a(ad717x.c.obj)
 .rodata        0x0000000000007e78       0x10 app/libapp.a(no_os_spi.c.obj)
 .rodata        0x0000000000007e88        0x8 modules/hal_nordic/nrfx/libmodules__hal_nordic__nrfx.a(nrfx_gpiote.c.obj)
 *(SORT_BY_ALIGNMENT(.rodata.*))
 .rodata.delay_machine_code.0
                0x0000000000007e90        0x6 zephyr/soc/arm/nordic_nrf/nrf52/libsoc__arm__nordic_nrf__nrf52.a(soc.c.obj)
 *fill*         0x0000000000007e96        0x2 
 .rodata.main.str1.4
                0x0000000000007e98       0x36 app/libapp.a(main.c.obj)
 *fill*         0x0000000000007ece        0x2 
 .rodata.led    0x0000000000007ed0        0x8 app/libapp.a(main.c.obj)
 .rodata.rs485en
                0x0000000000007ed8        0x8 app/libapp.a(main.c.obj)
 .rodata.AD717X_Reset.str1.4
                0x0000000000007ee0        0xa app/libapp.a(ad717x.c.obj)
 *fill*         0x0000000000007eea        0x2 
 .rodata.AD717X_WriteRegister.str1.4
                0x0000000000007eec       0x31 app/libapp.a(ad717x.c.obj)
 *fill*         0x0000000000007f1d        0x3 
 .rodata.ad717x_configure_device_odr.str1.4
                0x0000000000007f20       0x63 app/libapp.a(ad717x.c.obj)
 *fill*         0x0000000000007f83        0x1 
 .rodata.AD717X_Init.str1.4
                0x0000000000007f84      0x14c app/libapp.a(ad717x.c.obj)
 .rodata.spi_send.str1.4
                0x00000000000080d0        0xf app/libapp.a(no_os_spi.c.obj)
 *fill*         0x00000000000080df        0x1 
 .rodata.spi_init.str1.4
                0x00000000000080e0       0x21 app/libapp.a(no_os_spi.c.obj)
 *fill*         0x0000000000008101        0x3 
 .rodata.spi_cfg
                0x0000000000008104        0xc app/libapp.a(no_os_spi.c.obj)
 .rodata.cbvprintf.str1.4
                0x0000000000008110        0x6 zephyr/libzephyr.a(cbprintf_complete.c.obj)
 *fill*         0x0000000000008116        0x2 
 .rodata.sys_reboot.str1.4
                0x0000000000008118       0x29 zephyr/libzephyr.a(reboot.c.obj)
 *fill*         0x0000000000008141        0x3 
 .rodata.pmstates_DT_N_S_cpus_S_cpu_0
                0x0000000000008144        0x0 zephyr/libzephyr.a(state.c.obj)
 .rodata.apis   0x0000000000008144        0x8 zephyr/libzephyr.a(nrf_cc3xx_platform_abort_zephyr.c.obj)
 .rodata.mutex_free_platform.str1.4
                0x000000000000814c       0x26 zephyr/libzephyr.a(nrf_cc3xx_platform_mutex_zephyr.c.obj)
 *fill*         0x0000000000008172        0x2 
 .rodata.mutex_init_platform.str1.4
                0x0000000000008174       0x2d zephyr/libzephyr.a(nrf_cc3xx_platform_mutex_zephyr.c.obj)
 *fill*         0x00000000000081a1        0x3 
 .rodata.mutex_apis
                0x00000000000081a4       0x10 zephyr/libzephyr.a(nrf_cc3xx_platform_mutex_zephyr.c.obj)
 .rodata.mutexes
                0x00000000000081b4       0x14 zephyr/libzephyr.a(nrf_cc3xx_platform_mutex_zephyr.c.obj)
 .rodata.static_regions
                0x00000000000081c8        0xc zephyr/arch/arch/arm/core/aarch32/mpu/libarch__arm__core__aarch32__mpu.a(arm_core_mpu.c.obj)
 .rodata.str1.4
                0x00000000000081d4        0xf zephyr/soc/arm/common/cortex_m/libsoc__arm__common__cortex_m.a(arm_mpu_regions.c.obj)
 *fill*         0x00000000000081e3        0x1 
 .rodata.mpu_config
                0x00000000000081e4        0x8 zephyr/soc/arm/common/cortex_m/libsoc__arm__common__cortex_m.a(arm_mpu_regions.c.obj)
                0x00000000000081e4                mpu_config
 .rodata.mpu_regions
                0x00000000000081ec       0x18 zephyr/soc/arm/common/cortex_m/libsoc__arm__common__cortex_m.a(arm_mpu_regions.c.obj)
 .rodata.str1.4
                0x0000000000008204        0x6 zephyr/drivers/clock_control/libdrivers__clock_control.a(clock_control_nrf.c.obj)
 *fill*         0x000000000000820a        0x2 
 .rodata.clock_control_api
                0x000000000000820c       0x18 zephyr/drivers/clock_control/libdrivers__clock_control.a(clock_control_nrf.c.obj)
 .rodata.config
                0x0000000000008224       0x10 zephyr/drivers/clock_control/libdrivers__clock_control.a(clock_control_nrf.c.obj)
 .rodata.transitions.0
                0x0000000000008234        0xc zephyr/drivers/clock_control/libdrivers__clock_control.a(clock_control_nrf.c.obj)
 .rodata.str1.4
                0x0000000000008240        0xf zephyr/drivers/gpio/libdrivers__gpio.a(gpio_nrfx.c.obj)
 *fill*         0x000000000000824f        0x1 
 .rodata.gpio_nrfx_drv_api_funcs
                0x0000000000008250       0x24 zephyr/drivers/gpio/libdrivers__gpio.a(gpio_nrfx.c.obj)
 .rodata.gpio_nrfx_p0_cfg
                0x0000000000008274       0x10 zephyr/drivers/gpio/libdrivers__gpio.a(gpio_nrfx.c.obj)
 .rodata.gpio_nrfx_p1_cfg
                0x0000000000008284       0x10 zephyr/drivers/gpio/libdrivers__gpio.a(gpio_nrfx.c.obj)
 .rodata.str1.4
                0x0000000000008294        0x6 zephyr/drivers/spi/libdrivers__spi.a(spi_nrfx_spi.c.obj)
 .rodata.__compound_literal.0
                0x0000000000008294        0x8 zephyr/drivers/spi/libdrivers__spi.a(spi_nrfx_spi.c.obj)
 .rodata.__pinctrl_dev_config__device_dts_ord_78
                0x000000000000829c        0xc zephyr/drivers/spi/libdrivers__spi.a(spi_nrfx_spi.c.obj)
 .rodata.__pinctrl_state_pins_0__device_dts_ord_78
                0x00000000000082a8        0xc zephyr/drivers/spi/libdrivers__spi.a(spi_nrfx_spi.c.obj)
 .rodata.__pinctrl_states__device_dts_ord_78
                0x00000000000082b4        0x8 zephyr/drivers/spi/libdrivers__spi.a(spi_nrfx_spi.c.obj)
 .rodata.spi_1z_config
                0x00000000000082bc       0x20 zephyr/drivers/spi/libdrivers__spi.a(spi_nrfx_spi.c.obj)
 .rodata.spi_nrfx_driver_api
                0x00000000000082dc        0x8 zephyr/drivers/spi/libdrivers__spi.a(spi_nrfx_spi.c.obj)
 .rodata.str1.4
                0x00000000000082e4        0xf zephyr/drivers/serial/libdrivers__serial.a(uart_nrfx_uarte.c.obj)
 *fill*         0x00000000000082f3        0x1 
 .rodata.__pinctrl_dev_config__device_dts_ord_87
                0x00000000000082f4        0xc zephyr/drivers/serial/libdrivers__serial.a(uart_nrfx_uarte.c.obj)
 .rodata.__pinctrl_dev_config__device_dts_ord_88
                0x0000000000008300        0xc zephyr/drivers/serial/libdrivers__serial.a(uart_nrfx_uarte.c.obj)
 .rodata.__pinctrl_state_pins_0__device_dts_ord_87
                0x000000000000830c        0x8 zephyr/drivers/serial/libdrivers__serial.a(uart_nrfx_uarte.c.obj)
 .rodata.__pinctrl_state_pins_0__device_dts_ord_88
                0x0000000000008314        0x8 zephyr/drivers/serial/libdrivers__serial.a(uart_nrfx_uarte.c.obj)
 .rodata.__pinctrl_states__device_dts_ord_87
                0x000000000000831c        0x8 zephyr/drivers/serial/libdrivers__serial.a(uart_nrfx_uarte.c.obj)
 .rodata.__pinctrl_states__device_dts_ord_88
                0x0000000000008324        0x8 zephyr/drivers/serial/libdrivers__serial.a(uart_nrfx_uarte.c.obj)
 .rodata.uart_nrfx_uarte_driver_api
                0x000000000000832c       0x14 zephyr/drivers/serial/libdrivers__serial.a(uart_nrfx_uarte.c.obj)
 .rodata.uarte_0z_config
                0x0000000000008340       0x10 zephyr/drivers/serial/libdrivers__serial.a(uart_nrfx_uarte.c.obj)
 .rodata.uarte_1z_config
                0x0000000000008350       0x10 zephyr/drivers/serial/libdrivers__serial.a(uart_nrfx_uarte.c.obj)
 .rodata._DoInit.str1.4
                0x0000000000008360       0x17 modules/segger/libmodules__segger.a(SEGGER_RTT.c.obj)
 *fill*         0x0000000000008377        0x1 
 .rodata.levels.0
                0x0000000000008378       0x14 zephyr/kernel/libkernel.a(device.c.obj)
 .rodata._k_neg_eagain
                0x000000000000838c        0x4 zephyr/kernel/libkernel.a(errno.c.obj)
                0x000000000000838c                _k_neg_eagain
 .rodata.init_idle_thread.str1.4
                0x0000000000008390        0x5 zephyr/kernel/libkernel.a(init.c.obj)
 *fill*         0x0000000000008395        0x3 
 .rodata.prepare_multithreading.str1.4
                0x0000000000008398        0x5 zephyr/kernel/libkernel.a(init.c.obj)
 *fill*         0x000000000000839d        0x3 
 .rodata.boot_banner.str1.4
                0x00000000000083a0       0x37 zephyr/kernel/libkernel.a(banner.c.obj)
                                         0x3b (size before relaxing)
 *fill*         0x00000000000083d7        0x1 
 .rodata.CSWTCH.12
                0x00000000000083d8       0x1c C:/Nordic/v2.0.0/nrfxlib/crypto/nrf_cc310_platform/lib/cortex-m4/soft-float/no-interrupts/libnrf_cc310_platform_0.9.14.a(nrf_cc3xx_platform.c.obj)
 .rodata.mutex_free.str1.4
                0x00000000000083f4       0x26 C:/Nordic/v2.0.0/nrfxlib/crypto/nrf_cc310_platform/lib/cortex-m4/soft-float/no-interrupts/libnrf_cc310_platform_0.9.14.a(nrf_cc3xx_platform_mutex.c.obj)
 *fill*         0x000000000000841a        0x2 
 .rodata.mutex_init.str1.4
                0x000000000000841c       0x23 C:/Nordic/v2.0.0/nrfxlib/crypto/nrf_cc310_platform/lib/cortex-m4/soft-float/no-interrupts/libnrf_cc310_platform_0.9.14.a(nrf_cc3xx_platform_mutex.c.obj)
 *fill*         0x000000000000843f        0x1 
 .rodata.CC_PalPowerSaveModeInit.str1.4
                0x0000000000008440       0x20 C:/Nordic/v2.0.0/nrfxlib/crypto/nrf_cc310_platform/lib/cortex-m4/soft-float/no-interrupts/libnrf_cc310_platform_0.9.14.a(cc_pal_pm.c.obj)
 *(SORT_BY_ALIGNMENT(.gnu.linkonce.r.*))
                0x0000000000008460                . = ALIGN (0x4)
                0x0000000000008460                __rodata_region_end = .
                0x0000000000008460                . = ALIGN (_region_min_align)